
Allocating common symbols
Common symbol       size              file

interrupt_stacks    0x10              kernel/interrupt.o
thread_table        0x800             kernel/thread.o
open_sockets        0x700             net/socket.o
open_sockets_sem    0x4               net/socket.o
scheduler_current_thread
                    0x10              kernel/scheduler.o
process_table       0x280             proc/process.o
thread_stack_areas  0x20000           kernel/thread.o
thread_table_slock  0x4               kernel/thread.o
network_interfaces  0x30              net/network.o

Discarded input sections

 .reginfo       0x0000000000000000       0x18 kernel/cswitch.o
 .reginfo       0x0000000000000000       0x18 kernel/_interrupt.o
 .reginfo       0x0000000000000000       0x18 kernel/_spinlock.o
 .reginfo       0x0000000000000000       0x18 kernel/idle.o
 .reginfo       0x0000000000000000       0x18 lib/rand.o
 .reginfo       0x0000000000000000       0x18 drivers/_timer.o
 .reginfo       0x0000000000000000       0x18 vm/_tlb.o
 .reginfo       0x0000000000000000       0x18 init/main.o
 .reginfo       0x0000000000000000       0x18 kernel/panic.o
 .reginfo       0x0000000000000000       0x18 kernel/kmalloc.o
 .reginfo       0x0000000000000000       0x18 kernel/interrupt.o
 .reginfo       0x0000000000000000       0x18 kernel/thread.o
 .reginfo       0x0000000000000000       0x18 kernel/scheduler.o
 .reginfo       0x0000000000000000       0x18 kernel/sleepq.o
 .reginfo       0x0000000000000000       0x18 kernel/semaphore.o
 .reginfo       0x0000000000000000       0x18 kernel/exception.o
 .reginfo       0x0000000000000000       0x18 kernel/halt.o
 .reginfo       0x0000000000000000       0x18 lib/libc.o
 .reginfo       0x0000000000000000       0x18 lib/xprintf.o
 .reginfo       0x0000000000000000       0x18 lib/bitmap.o
 .reginfo       0x0000000000000000       0x18 lib/debug.o
 .reginfo       0x0000000000000000       0x18 drivers/polltty.o
 .reginfo       0x0000000000000000       0x18 drivers/timer.o
 .reginfo       0x0000000000000000       0x18 drivers/bootargs.o
 .reginfo       0x0000000000000000       0x18 drivers/device.o
 .reginfo       0x0000000000000000       0x18 drivers/drivers.o
 .reginfo       0x0000000000000000       0x18 drivers/tty.o
 .reginfo       0x0000000000000000       0x18 drivers/disk.o
 .reginfo       0x0000000000000000       0x18 drivers/disksched.o
 .reginfo       0x0000000000000000       0x18 drivers/metadev.o
 .reginfo       0x0000000000000000       0x18 proc/exception.o
 .reginfo       0x0000000000000000       0x18 proc/elf.o
 .reginfo       0x0000000000000000       0x18 proc/process.o
 .reginfo       0x0000000000000000       0x18 proc/syscall.o
 .reginfo       0x0000000000000000       0x18 vm/vm.o
 .reginfo       0x0000000000000000       0x18 vm/pagepool.o
 .reginfo       0x0000000000000000       0x18 vm/tlb.o
 .reginfo       0x0000000000000000       0x18 fs/vfs.o
 .reginfo       0x0000000000000000       0x18 fs/tfs.o
 .reginfo       0x0000000000000000       0x18 fs/filesystems.o
 .reginfo       0x0000000000000000       0x18 net/network.o
 .reginfo       0x0000000000000000       0x18 net/protocols.o
 .reginfo       0x0000000000000000       0x18 net/socket.o
 .reginfo       0x0000000000000000       0x18 net/pop.o

Memory Configuration

Name             Origin             Length             Attributes
*default*        0x0000000000000000 0xffffffffffffffff

Linker script and memory map

                0x0000000080010000                . = 0x80010000

.text           0x0000000080010000     0x9a48
 *(.text)
 .text          0x0000000080010000       0x60 init/_boot.o
                0x0000000080010000                _start
 .text          0x0000000080010060      0x350 kernel/cswitch.o
                0x0000000080010060                _cswitch_vector_code
                0x0000000080010080                _cswitch_switch
                0x0000000080010388                _cswitch_to_userland
 .text          0x00000000800103b0      0x120 kernel/_interrupt.o
                0x00000000800103b0                _interrupt_disable
                0x00000000800103cc                _interrupt_enable
                0x00000000800103e4                _interrupt_set_state
                0x0000000080010408                _interrupt_get_state
                0x0000000080010414                _interrupt_generate_sw0
                0x000000008001042c                _interrupt_clear_sw
                0x0000000080010444                _interrupt_clear_sw0
                0x000000008001045c                _interrupt_clear_sw1
                0x0000000080010474                _interrupt_clear_bootstrap
                0x0000000080010490                _interrupt_getcpu
                0x00000000800104a0                _interrupt_clear_EXL
                0x00000000800104b8                _interrupt_set_EXL
 .text          0x00000000800104d0       0x30 kernel/_spinlock.o
                0x00000000800104d0                spinlock_reset
                0x00000000800104d0                spinlock_release
                0x00000000800104dc                spinlock_acquire
 .text          0x0000000080010500        0xc kernel/idle.o
                0x0000000080010500                _idle_thread_wait_loop
 .text          0x000000008001050c       0x4c lib/rand.o
                0x000000008001050c                _set_rand_seed
                0x000000008001051c                _get_rand
 .text          0x0000000080010558       0x14 drivers/_timer.o
                0x0000000080010558                _timer_set_ticks
 .text          0x000000008001056c      0x15c vm/_tlb.o
                0x000000008001056c                _tlb_get_exception_state
                0x0000000080010590                _tlb_set_asid
                0x00000000800105b0                _tlb_get_maxindex
                0x00000000800105c4                _tlb_probe
                0x00000000800105dc                _tlb_read
                0x0000000080010640                _tlb_write
                0x00000000800106a4                _tlb_write_random
 .text          0x00000000800106c8      0x478 init/main.o
                0x00000000800106c8                init_startup_fallback
                0x0000000080010880                init_startup_thread
                0x000000008001091c                init
 .text          0x0000000080010b40       0x68 kernel/panic.o
                0x0000000080010b40                _kernel_panic
 .text          0x0000000080010ba8      0x258 kernel/kmalloc.o
                0x0000000080010ba8                kmalloc_get_numpages
                0x0000000080010c2c                kmalloc_get_reserved_pages
                0x0000000080010c54                kmalloc_disable
                0x0000000080010c64                kmalloc_init
                0x0000000080010cdc                kmalloc
 .text          0x0000000080010e00      0x338 kernel/interrupt.o
                0x0000000080010e00                interrupt_init
                0x0000000080010f20                interrupt_register
                0x0000000080010ff0                interrupt_handle
 .text          0x0000000080011138      0x40c kernel/thread.o
                0x0000000080011138                thread_table_init
                0x00000000800111d8                thread_create
                0x0000000080011378                thread_run
                0x0000000080011380                thread_switch
                0x00000000800113ac                thread_get_current_thread
                0x00000000800113fc                thread_finish
                0x00000000800114b0                thread_get_current_thread_entry
                0x000000008001150c                thread_goto_userland
 .text          0x0000000080011544      0x328 kernel/scheduler.o
                0x0000000080011544                scheduler_init
                0x0000000080011560                scheduler_add_to_ready_list
                0x000000008001164c                scheduler_add_ready
                0x00000000800116bc                scheduler_schedule
 .text          0x000000008001186c      0x48c kernel/sleepq.o
                0x000000008001186c                sleepq_init
                0x0000000080011898                sleepq_add
                0x00000000800119f0                sleepq_wake
                0x0000000080011b60                sleepq_wake_all
 .text          0x0000000080011cf8      0x2a4 kernel/semaphore.o
                0x0000000080011cf8                semaphore_init
                0x0000000080011d40                semaphore_create
                0x0000000080011e88                semaphore_destroy
                0x0000000080011e94                semaphore_P
                0x0000000080011f1c                semaphore_V
 .text          0x0000000080011f9c      0x290 kernel/exception.o
                0x0000000080011fd4                kernel_exception_handle
 .text          0x000000008001222c       0x3c kernel/halt.o
                0x000000008001222c                halt_kernel
 .text          0x0000000080012268      0x3d4 lib/libc.o
                0x0000000080012268                kwrite
                0x00000000800122b0                kread
                0x0000000080012324                stringcmp
                0x000000008001238c                stringcopy
                0x0000000080012428                memcopy
                0x00000000800124f4                memoryset
                0x000000008001251c                atoi
                0x0000000080012600                strlen
 .text          0x000000008001263c      0xa10 lib/xprintf.o
                0x0000000080012ee0                kvprintf
                0x0000000080012f68                kprintf
                0x0000000080012ff8                vsnprintf
                0x000000008001301c                snprintf
 .text          0x000000008001304c      0x3b8 lib/bitmap.o
                0x000000008001304c                bitmap_sizeof
                0x0000000080013074                bitmap_init
                0x00000000800130fc                bitmap_get
                0x00000000800131cc                bitmap_set
                0x00000000800132ec                bitmap_findnset
 .text          0x0000000080013404       0x44 lib/debug.o
                0x0000000080013404                DEBUG
 .text          0x0000000080013448       0xe8 drivers/polltty.o
                0x0000000080013448                polltty_init
                0x00000000800134a8                polltty_getchar
                0x00000000800134e8                polltty_putchar
 .text          0x0000000080013530       0x34 drivers/timer.o
                0x0000000080013530                timer_set_ticks
 .text          0x0000000080013564      0x27c drivers/bootargs.o
                0x0000000080013564                bootargs_init
                0x000000008001374c                bootargs_get
 .text          0x00000000800137e0      0x1e4 drivers/device.o
                0x00000000800137e0                device_init
                0x0000000080013964                device_get
 .text          0x00000000800139c4        0x0 drivers/drivers.o
 .text          0x00000000800139c4      0x7c4 drivers/tty.o
                0x0000000080013d50                tty_interrupt_handle
                0x0000000080013fc8                tty_init
 .text          0x0000000080014188      0x578 drivers/disk.o
                0x00000000800145d4                disk_init
 .text          0x0000000080014700       0x3c drivers/disksched.o
                0x0000000080014700                disksched_schedule
 .text          0x000000008001473c      0x484 drivers/metadev.o
                0x00000000800147c8                cpustatus_interrupt_handle
                0x0000000080014854                rtc_init
                0x00000000800148c4                rtc_get_msec
                0x00000000800148dc                rtc_get_clockspeed
                0x00000000800148f4                meminfo_init
                0x0000000080014964                meminfo_get_pages
                0x000000008001497c                cpustatus_init
                0x0000000080014a1c                cpustatus_count
                0x0000000080014a64                cpustatus_generate_irq
                0x0000000080014ae4                shutdown_init
                0x0000000080014b54                shutdown
 .text          0x0000000080014bc0      0x234 proc/exception.o
                0x0000000080014bc0                user_exception_handle
 .text          0x0000000080014df4      0x22c proc/elf.o
                0x0000000080014df4                elf_parse_header
 .text          0x0000000080015020      0x984 proc/process.o
                0x0000000080015020                process_start
                0x00000000800155d0                process_init
                0x0000000080015638                findFreeBlock
                0x0000000080015694                process_spawn
                0x0000000080015754                process_finish
                0x00000000800157d8                process_join
                0x0000000080015930                process_get_current_process
                0x0000000080015950                process_get_current_process_entry
                0x0000000080015988                process_get_process_entry
 .text          0x00000000800159a4      0x264 proc/syscall.o
                0x00000000800159a4                syscall_write
                0x00000000800159d8                syscall_read
                0x0000000080015a34                syscall_exec
                0x0000000080015a3c                syscall_exit
                0x0000000080015a74                syscall_join
                0x0000000080015a7c                syscall_handle
 .text          0x0000000080015c08      0x550 vm/vm.o
                0x0000000080015c08                vm_init
                0x0000000080015c24                vm_create_pagetable
                0x0000000080015c70                vm_destroy_pagetable
                0x0000000080015c80                vm_map
                0x0000000080015fb0                vm_unmap
                0x0000000080015fb8                vm_set_dirty
 .text          0x0000000080016158      0x278 vm/pagepool.o
                0x0000000080016158                pagepool_init
                0x000000008001622c                pagepool_get_phys_page
                0x00000000800162f8                pagepool_free_phys_page
 .text          0x00000000800163d0       0xd4 vm/tlb.o
                0x00000000800163d0                tlb_modified_exception
                0x00000000800163e8                tlb_load_exception
                0x0000000080016400                tlb_store_exception
                0x0000000080016418                tlb_fill
 .text          0x00000000800164a4     0x1150 fs/vfs.o
                0x00000000800167e8                vfs_init
                0x00000000800168e0                vfs_deinit
                0x0000000080016a4c                vfs_mount
                0x0000000080016be0                vfs_mount_fs
                0x0000000080016ce0                vfs_mount_all
                0x0000000080016d68                vfs_unmount
                0x0000000080016edc                vfs_open
                0x00000000800170b8                vfs_close
                0x0000000080017148                vfs_seek
                0x00000000800171ec                vfs_read
                0x00000000800172cc                vfs_write
                0x00000000800173ac                vfs_create
                0x0000000080017498                vfs_remove
                0x0000000080017558                vfs_getfree
 .text          0x00000000800175f4     0x103c fs/tfs.o
                0x00000000800175f4                tfs_close
                0x00000000800175fc                tfs_unmount
                0x0000000080017654                tfs_open
                0x000000008001775c                tfs_create
                0x0000000080017ab8                tfs_remove
                0x0000000080017d44                tfs_read
                0x0000000080017fdc                tfs_write
                0x000000008001831c                tfs_getfree
                0x00000000800183f0                tfs_init
 .text          0x0000000080018630       0xac fs/filesystems.o
                0x0000000080018630                filesystems_try_all
 .text          0x00000000800186dc      0x5c4 net/network.o
                0x00000000800187fc                network_init
                0x0000000080018970                network_get_source_address
                0x00000000800189a8                network_get_broadcast_address
                0x00000000800189b0                network_get_loopback_address
                0x00000000800189b8                network_get_mtu
                0x0000000080018a8c                network_send
                0x0000000080018c90                network_free_frame
 .text          0x0000000080018ca0       0xc4 net/protocols.o
                0x0000000080018ca0                protocols_get_frame_handler
                0x0000000080018d08                protocols_init
 .text          0x0000000080018d64      0x358 net/socket.o
                0x0000000080018d64                socket_init
                0x0000000080018e24                socket_open
                0x000000008001900c                socket_close
 .text          0x00000000800190bc      0x98c net/pop.o
                0x00000000800193c4                socket_sendto
                0x00000000800195c0                socket_recvfrom
                0x0000000080019728                pop_init
                0x000000008001987c                pop_push_frame

.rodata         0x0000000080019a48     0x15b0
 *(.rodata .rodata.*)
 .rodata.str1.4
                0x0000000080019a48      0x479 init/main.o
                                        0x480 (size before relaxing)
 *fill*         0x0000000080019ec1        0x3 
 .rodata.str1.4
                0x0000000080019ec4       0x26 kernel/panic.o
                                         0x28 (size before relaxing)
 *fill*         0x0000000080019eea        0x2 
 .rodata.str1.4
                0x0000000080019eec      0x11f kernel/kmalloc.o
                                        0x120 (size before relaxing)
 *fill*         0x000000008001a00b        0x1 
 .rodata.str1.4
                0x000000008001a00c       0xca kernel/interrupt.o
                                         0xcc (size before relaxing)
 *fill*         0x000000008001a0d6        0x2 
 .rodata.str1.4
                0x000000008001a0d8       0x6b kernel/thread.o
                                         0x80 (size before relaxing)
 *fill*         0x000000008001a143        0x1 
 .rodata.str1.4
                0x000000008001a144       0x13 kernel/scheduler.o
                                         0x28 (size before relaxing)
 *fill*         0x000000008001a157        0x1 
 .rodata.str1.4
                0x000000008001a158       0x10 kernel/sleepq.o
                                         0x24 (size before relaxing)
 .rodata.str1.4
                0x000000008001a168       0x13 kernel/semaphore.o
                                         0x28 (size before relaxing)
 *fill*         0x000000008001a17b        0x1 
 .rodata.str1.4
                0x000000008001a17c      0x26a kernel/exception.o
                                        0x26c (size before relaxing)
 *fill*         0x000000008001a3e6        0x2 
 .rodata        0x000000008001a3e8       0x38 kernel/exception.o
 .rodata.str1.4
                0x000000008001a420       0x54 kernel/halt.o
 .rodata        0x000000008001a474      0x10c lib/xprintf.o
 .rodata.str1.4
                0x000000008001a580       0x2c lib/bitmap.o
                                         0x40 (size before relaxing)
 .rodata.str1.4
                0x0000000000000000       0x2c drivers/bootargs.o
                                          0x4 (size before relaxing)
 .rodata.str1.4
                0x000000008001a5ac       0xaa drivers/device.o
                                         0xac (size before relaxing)
 *fill*         0x000000008001a656        0x2 
 .rodata.str1.4
                0x000000008001a658       0x51 drivers/drivers.o
                                         0x54 (size before relaxing)
 *fill*         0x000000008001a6a9        0x3 
 .rodata.str1.4
                0x000000008001a6ac       0x8e drivers/tty.o
                                         0x90 (size before relaxing)
 *fill*         0x000000008001a73a        0x2 
 .rodata.str1.4
                0x000000008001a73c       0x93 drivers/disk.o
                                         0xa8 (size before relaxing)
 *fill*         0x000000008001a7cf        0x1 
 .rodata.str1.4
                0x000000008001a7d0      0x12c drivers/metadev.o
                                        0x140 (size before relaxing)
 .rodata.str1.4
                0x000000008001a8fc       0x11 proc/exception.o
                                        0x1d8 (size before relaxing)
 *fill*         0x000000008001a90d        0x3 
 .rodata        0x000000008001a910       0x38 proc/exception.o
 .rodata.str1.4
                0x000000008001a948       0x2d proc/process.o
                                         0x44 (size before relaxing)
 *fill*         0x000000008001a975        0x3 
 .rodata.str1.4
                0x000000008001a978       0x2b proc/syscall.o
                                         0x2c (size before relaxing)
 *fill*         0x000000008001a9a3        0x1 
 .rodata.str1.4
                0x000000008001a9a4      0x100 vm/vm.o
                                        0x114 (size before relaxing)
 .rodata.str1.4
                0x000000008001aaa4       0x6a vm/pagepool.o
                                         0x80 (size before relaxing)
 *fill*         0x000000008001ab0e        0x2 
 .rodata.str1.4
                0x000000008001ab10       0x6e vm/tlb.o
                                         0x84 (size before relaxing)
 *fill*         0x000000008001ab7e        0x2 
 .rodata.str1.4
                0x000000008001ab80      0x2d1 fs/vfs.o
                                        0x2e8 (size before relaxing)
 *fill*         0x000000008001ae51        0x3 
 .rodata.str1.4
                0x000000008001ae54       0x92 fs/tfs.o
                                         0x94 (size before relaxing)
 *fill*         0x000000008001aee6        0x2 
 .rodata.str1.4
                0x000000008001aee8       0x2c fs/filesystems.o
 .rodata.str1.4
                0x000000008001af14       0x4e net/network.o
                                         0x64 (size before relaxing)
 *fill*         0x000000008001af62        0x2 
 .rodata.str1.4
                0x000000008001af64       0x3a net/socket.o
                                         0x50 (size before relaxing)
 *fill*         0x000000008001af9e        0x2 
 .rodata.str1.4
                0x000000008001afa0       0x58 net/pop.o
                                         0x6c (size before relaxing)

.rel.dyn        0x000000008001aff8        0x0
 .rel.dyn       0x0000000000000000        0x0 drivers/drivers.o

.data           0x000000008001aff8       0x90
 *(.data)
 .data          0x000000008001aff8        0x0 init/_boot.o
 .data          0x000000008001aff8        0x0 kernel/cswitch.o
 .data          0x000000008001aff8        0x0 kernel/_interrupt.o
 .data          0x000000008001aff8        0x0 kernel/_spinlock.o
 .data          0x000000008001aff8        0x0 kernel/idle.o
 .data          0x000000008001aff8        0xc lib/rand.o
 .data          0x000000008001b004        0x0 drivers/_timer.o
 .data          0x000000008001b004        0x0 vm/_tlb.o
 .data          0x000000008001b004        0x0 init/main.o
 .data          0x000000008001b004        0x0 kernel/panic.o
 .data          0x000000008001b004        0x0 kernel/kmalloc.o
 .data          0x000000008001b004        0x0 kernel/interrupt.o
 .data          0x000000008001b004        0x0 kernel/thread.o
 .data          0x000000008001b004        0x8 kernel/scheduler.o
 .data          0x000000008001b00c        0x0 kernel/sleepq.o
 .data          0x000000008001b00c        0x0 kernel/semaphore.o
 .data          0x000000008001b00c        0x0 kernel/exception.o
 .data          0x000000008001b00c        0x0 kernel/halt.o
 .data          0x000000008001b00c        0x0 lib/libc.o
 .data          0x000000008001b00c        0x0 lib/xprintf.o
 .data          0x000000008001b00c        0x0 lib/bitmap.o
 .data          0x000000008001b00c        0x0 lib/debug.o
 .data          0x000000008001b00c        0x0 drivers/polltty.o
 .data          0x000000008001b00c        0x0 drivers/timer.o
 .data          0x000000008001b00c        0x0 drivers/bootargs.o
 .data          0x000000008001b00c        0x0 drivers/device.o
 .data          0x000000008001b00c       0x54 drivers/drivers.o
                0x000000008001b00c                drivers_available
 .data          0x000000008001b060        0x0 drivers/tty.o
 .data          0x000000008001b060        0x0 drivers/disk.o
 .data          0x000000008001b060        0x0 drivers/disksched.o
 .data          0x000000008001b060        0x0 drivers/metadev.o
 .data          0x000000008001b060        0x0 proc/exception.o
 .data          0x000000008001b060        0x0 proc/elf.o
 .data          0x000000008001b060        0x0 proc/process.o
 .data          0x000000008001b060        0x0 proc/syscall.o
 .data          0x000000008001b060        0x0 vm/vm.o
 .data          0x000000008001b060        0x0 vm/pagepool.o
 .data          0x000000008001b060        0x0 vm/tlb.o
 .data          0x000000008001b060        0x0 fs/vfs.o
 .data          0x000000008001b060        0x0 fs/tfs.o
 .data          0x000000008001b060       0x10 fs/filesystems.o
 .data          0x000000008001b070        0x0 net/network.o
 .data          0x000000008001b070       0x18 net/protocols.o
                0x000000008001b070                network_protocols
 .data          0x000000008001b088        0x0 net/socket.o
 .data          0x000000008001b088        0x0 net/pop.o

.bss            0x000000008001b088    0x23eb0
 *(.bss COMMON)
 .bss           0x000000008001b088        0x0 init/_boot.o
 .bss           0x000000008001b088        0x0 kernel/cswitch.o
 .bss           0x000000008001b088        0x0 kernel/_interrupt.o
 .bss           0x000000008001b088        0x0 kernel/_spinlock.o
 .bss           0x000000008001b088        0x0 kernel/idle.o
 .bss           0x000000008001b088        0x0 lib/rand.o
 .bss           0x000000008001b088        0x0 drivers/_timer.o
 .bss           0x000000008001b088        0x0 vm/_tlb.o
 .bss           0x000000008001b088        0x4 init/main.o
                0x000000008001b088                kernel_bootstrap_finished
 .bss           0x000000008001b08c        0x0 kernel/panic.o
 .bss           0x000000008001b08c        0x8 kernel/kmalloc.o
 .bss           0x000000008001b094      0x600 kernel/interrupt.o
 COMMON         0x000000008001b694       0x10 kernel/interrupt.o
                0x000000008001b694                interrupt_stacks
 .bss           0x000000008001b6a4        0x4 kernel/thread.o
 COMMON         0x000000008001b6a8    0x20804 kernel/thread.o
                0x000000008001b6a8                thread_table
                0x000000008001bea8                thread_stack_areas
                0x000000008003bea8                thread_table_slock
 .bss           0x000000008003beac        0x0 kernel/scheduler.o
 COMMON         0x000000008003beac       0x10 kernel/scheduler.o
                0x000000008003beac                scheduler_current_thread
 .bss           0x000000008003bebc      0x200 kernel/sleepq.o
 .bss           0x000000008003c0bc      0x608 kernel/semaphore.o
 .bss           0x000000008003c6c4        0x0 kernel/exception.o
 .bss           0x000000008003c6c4        0x0 kernel/halt.o
 .bss           0x000000008003c6c4        0x0 lib/libc.o
 .bss           0x000000008003c6c4        0x4 lib/xprintf.o
                0x000000008003c6c4                kprintf_slock
 .bss           0x000000008003c6c8        0x0 lib/bitmap.o
 .bss           0x000000008003c6c8        0x0 lib/debug.o
 .bss           0x000000008003c6c8        0x4 drivers/polltty.o
 .bss           0x000000008003c6cc        0x0 drivers/timer.o
 .bss           0x000000008003c6cc      0x100 drivers/bootargs.o
 .bss           0x000000008003c7cc      0x204 drivers/device.o
 .bss           0x000000008003c9d0        0x0 drivers/drivers.o
 .bss           0x000000008003c9d0        0x4 drivers/tty.o
 .bss           0x000000008003c9d4        0x0 drivers/disk.o
 .bss           0x000000008003c9d4        0x0 drivers/disksched.o
 .bss           0x000000008003c9d4       0x48 drivers/metadev.o
 .bss           0x000000008003ca1c        0x0 proc/exception.o
 .bss           0x000000008003ca1c        0x0 proc/elf.o
 .bss           0x000000008003ca1c        0x0 proc/process.o
 COMMON         0x000000008003ca1c      0x280 proc/process.o
                0x000000008003ca1c                process_table
 .bss           0x000000008003cc9c        0x0 proc/syscall.o
 .bss           0x000000008003cc9c        0x0 vm/vm.o
 .bss           0x000000008003cc9c       0x14 vm/pagepool.o
 .bss           0x000000008003ccb0        0x0 vm/tlb.o
 .bss           0x000000008003ccb0     0x18b8 fs/vfs.o
 .bss           0x000000008003e568        0x0 fs/tfs.o
 .bss           0x000000008003e568        0x0 fs/filesystems.o
 .bss           0x000000008003e568        0x0 net/network.o
 COMMON         0x000000008003e568       0x30 net/network.o
                0x000000008003e568                network_interfaces
 .bss           0x000000008003e598        0x0 net/protocols.o
 .bss           0x000000008003e598        0x4 net/socket.o
 COMMON         0x000000008003e59c      0x704 net/socket.o
                0x000000008003e59c                open_sockets
                0x000000008003ec9c                open_sockets_sem
 .bss           0x000000008003eca0      0x298 net/pop.o
                0x000000008003ef38                KERNEL_ENDS_HERE = .
LOAD init/_boot.o
LOAD kernel/cswitch.o
LOAD kernel/_interrupt.o
LOAD kernel/_spinlock.o
LOAD kernel/idle.o
LOAD lib/rand.o
LOAD drivers/_timer.o
LOAD vm/_tlb.o
LOAD init/main.o
LOAD kernel/panic.o
LOAD kernel/kmalloc.o
LOAD kernel/interrupt.o
LOAD kernel/thread.o
LOAD kernel/scheduler.o
LOAD kernel/sleepq.o
LOAD kernel/semaphore.o
LOAD kernel/exception.o
LOAD kernel/halt.o
LOAD lib/libc.o
LOAD lib/xprintf.o
LOAD lib/bitmap.o
LOAD lib/debug.o
LOAD drivers/polltty.o
LOAD drivers/timer.o
LOAD drivers/bootargs.o
LOAD drivers/device.o
LOAD drivers/drivers.o
LOAD drivers/tty.o
LOAD drivers/disk.o
LOAD drivers/disksched.o
LOAD drivers/metadev.o
LOAD proc/exception.o
LOAD proc/elf.o
LOAD proc/process.o
LOAD proc/syscall.o
LOAD vm/vm.o
LOAD vm/pagepool.o
LOAD vm/tlb.o
LOAD fs/vfs.o
LOAD fs/tfs.o
LOAD fs/filesystems.o
LOAD net/network.o
LOAD net/protocols.o
LOAD net/socket.o
LOAD net/pop.o
OUTPUT(buenos elf32-bigmips)

.reginfo        0x0000000000000000       0x18
 .reginfo       0x0000000000000000       0x18 init/_boot.o

.pdr            0x0000000000000000     0x1900
 .pdr           0x0000000000000000       0x40 init/_boot.o
 .pdr           0x0000000000000040       0xa0 kernel/cswitch.o
 .pdr           0x00000000000000e0      0x180 kernel/_interrupt.o
 .pdr           0x0000000000000260       0x40 kernel/_spinlock.o
 .pdr           0x00000000000002a0       0x20 kernel/idle.o
 .pdr           0x00000000000002c0       0x40 lib/rand.o
 .pdr           0x0000000000000300       0x20 drivers/_timer.o
 .pdr           0x0000000000000320       0xe0 vm/_tlb.o
 .pdr           0x0000000000000400       0x60 init/main.o
 .pdr           0x0000000000000460       0x20 kernel/panic.o
 .pdr           0x0000000000000480       0xa0 kernel/kmalloc.o
 .pdr           0x0000000000000520       0x60 kernel/interrupt.o
 .pdr           0x0000000000000580      0x100 kernel/thread.o
 .pdr           0x0000000000000680       0x80 kernel/scheduler.o
 .pdr           0x0000000000000700       0x80 kernel/sleepq.o
 .pdr           0x0000000000000780       0xa0 kernel/semaphore.o
 .pdr           0x0000000000000820       0x40 kernel/exception.o
 .pdr           0x0000000000000860       0x20 kernel/halt.o
 .pdr           0x0000000000000880      0x100 lib/libc.o
 .pdr           0x0000000000000980       0xe0 lib/xprintf.o
 .pdr           0x0000000000000a60       0xa0 lib/bitmap.o
 .pdr           0x0000000000000b00       0x20 lib/debug.o
 .pdr           0x0000000000000b20       0x60 drivers/polltty.o
 .pdr           0x0000000000000b80       0x20 drivers/timer.o
 .pdr           0x0000000000000ba0       0x40 drivers/bootargs.o
 .pdr           0x0000000000000be0       0x40 drivers/device.o
 .pdr           0x0000000000000c20        0x0 drivers/drivers.o
 .pdr           0x0000000000000c20       0x80 drivers/tty.o
 .pdr           0x0000000000000ca0      0x100 drivers/disk.o
 .pdr           0x0000000000000da0       0x20 drivers/disksched.o
 .pdr           0x0000000000000dc0      0x180 drivers/metadev.o
 .pdr           0x0000000000000f40       0x20 proc/exception.o
 .pdr           0x0000000000000f60       0x20 proc/elf.o
 .pdr           0x0000000000000f80      0x120 proc/process.o
 .pdr           0x00000000000010a0       0xc0 proc/syscall.o
 .pdr           0x0000000000001160       0xc0 vm/vm.o
 .pdr           0x0000000000001220       0x60 vm/pagepool.o
 .pdr           0x0000000000001280       0x80 vm/tlb.o
 .pdr           0x0000000000001300      0x260 fs/vfs.o
 .pdr           0x0000000000001560      0x120 fs/tfs.o
 .pdr           0x0000000000001680       0x20 fs/filesystems.o
 .pdr           0x00000000000016a0      0x120 net/network.o
 .pdr           0x00000000000017c0       0x40 net/protocols.o
 .pdr           0x0000000000001800       0x60 net/socket.o
 .pdr           0x0000000000001860       0xa0 net/pop.o

.mdebug.abi32   0x0000000000000000        0x0
 .mdebug.abi32  0x0000000000000000        0x0 init/main.o
 .mdebug.abi32  0x0000000000000000        0x0 kernel/panic.o
 .mdebug.abi32  0x0000000000000000        0x0 kernel/kmalloc.o
 .mdebug.abi32  0x0000000000000000        0x0 kernel/interrupt.o
 .mdebug.abi32  0x0000000000000000        0x0 kernel/thread.o
 .mdebug.abi32  0x0000000000000000        0x0 kernel/scheduler.o
 .mdebug.abi32  0x0000000000000000        0x0 kernel/sleepq.o
 .mdebug.abi32  0x0000000000000000        0x0 kernel/semaphore.o
 .mdebug.abi32  0x0000000000000000        0x0 kernel/exception.o
 .mdebug.abi32  0x0000000000000000        0x0 kernel/halt.o
 .mdebug.abi32  0x0000000000000000        0x0 lib/libc.o
 .mdebug.abi32  0x0000000000000000        0x0 lib/xprintf.o
 .mdebug.abi32  0x0000000000000000        0x0 lib/bitmap.o
 .mdebug.abi32  0x0000000000000000        0x0 lib/debug.o
 .mdebug.abi32  0x0000000000000000        0x0 drivers/polltty.o
 .mdebug.abi32  0x0000000000000000        0x0 drivers/timer.o
 .mdebug.abi32  0x0000000000000000        0x0 drivers/bootargs.o
 .mdebug.abi32  0x0000000000000000        0x0 drivers/device.o
 .mdebug.abi32  0x0000000000000000        0x0 drivers/drivers.o
 .mdebug.abi32  0x0000000000000000        0x0 drivers/tty.o
 .mdebug.abi32  0x0000000000000000        0x0 drivers/disk.o
 .mdebug.abi32  0x0000000000000000        0x0 drivers/disksched.o
 .mdebug.abi32  0x0000000000000000        0x0 drivers/metadev.o
 .mdebug.abi32  0x0000000000000000        0x0 proc/exception.o
 .mdebug.abi32  0x0000000000000000        0x0 proc/elf.o
 .mdebug.abi32  0x0000000000000000        0x0 proc/process.o
 .mdebug.abi32  0x0000000000000000        0x0 proc/syscall.o
 .mdebug.abi32  0x0000000000000000        0x0 vm/vm.o
 .mdebug.abi32  0x0000000000000000        0x0 vm/pagepool.o
 .mdebug.abi32  0x0000000000000000        0x0 vm/tlb.o
 .mdebug.abi32  0x0000000000000000        0x0 fs/vfs.o
 .mdebug.abi32  0x0000000000000000        0x0 fs/tfs.o
 .mdebug.abi32  0x0000000000000000        0x0 fs/filesystems.o
 .mdebug.abi32  0x0000000000000000        0x0 net/network.o
 .mdebug.abi32  0x0000000000000000        0x0 net/protocols.o
 .mdebug.abi32  0x0000000000000000        0x0 net/socket.o
 .mdebug.abi32  0x0000000000000000        0x0 net/pop.o

.comment        0x0000000000000000       0x11
 .comment       0x0000000000000000       0x11 init/main.o
                                         0x12 (size before relaxing)
 .comment       0x0000000000000000       0x12 kernel/panic.o
 .comment       0x0000000000000000       0x12 kernel/kmalloc.o
 .comment       0x0000000000000000       0x12 kernel/interrupt.o
 .comment       0x0000000000000000       0x12 kernel/thread.o
 .comment       0x0000000000000000       0x12 kernel/scheduler.o
 .comment       0x0000000000000000       0x12 kernel/sleepq.o
 .comment       0x0000000000000000       0x12 kernel/semaphore.o
 .comment       0x0000000000000000       0x12 kernel/exception.o
 .comment       0x0000000000000000       0x12 kernel/halt.o
 .comment       0x0000000000000000       0x12 lib/libc.o
 .comment       0x0000000000000000       0x12 lib/xprintf.o
 .comment       0x0000000000000000       0x12 lib/bitmap.o
 .comment       0x0000000000000000       0x12 lib/debug.o
 .comment       0x0000000000000000       0x12 drivers/polltty.o
 .comment       0x0000000000000000       0x12 drivers/timer.o
 .comment       0x0000000000000000       0x12 drivers/bootargs.o
 .comment       0x0000000000000000       0x12 drivers/device.o
 .comment       0x0000000000000000       0x12 drivers/drivers.o
 .comment       0x0000000000000000       0x12 drivers/tty.o
 .comment       0x0000000000000000       0x12 drivers/disk.o
 .comment       0x0000000000000000       0x12 drivers/disksched.o
 .comment       0x0000000000000000       0x12 drivers/metadev.o
 .comment       0x0000000000000000       0x12 proc/exception.o
 .comment       0x0000000000000000       0x12 proc/elf.o
 .comment       0x0000000000000000       0x12 proc/process.o
 .comment       0x0000000000000000       0x12 proc/syscall.o
 .comment       0x0000000000000000       0x12 vm/vm.o
 .comment       0x0000000000000000       0x12 vm/pagepool.o
 .comment       0x0000000000000000       0x12 vm/tlb.o
 .comment       0x0000000000000000       0x12 fs/vfs.o
 .comment       0x0000000000000000       0x12 fs/tfs.o
 .comment       0x0000000000000000       0x12 fs/filesystems.o
 .comment       0x0000000000000000       0x12 net/network.o
 .comment       0x0000000000000000       0x12 net/protocols.o
 .comment       0x0000000000000000       0x12 net/socket.o
 .comment       0x0000000000000000       0x12 net/pop.o

.gnu.attributes
                0x0000000000000000       0x10
 .gnu.attributes
                0x0000000000000000       0x10 init/main.o
 .gnu.attributes
                0x0000000000000010       0x10 kernel/panic.o
 .gnu.attributes
                0x0000000000000020       0x10 kernel/kmalloc.o
 .gnu.attributes
                0x0000000000000030       0x10 kernel/interrupt.o
 .gnu.attributes
                0x0000000000000040       0x10 kernel/thread.o
 .gnu.attributes
                0x0000000000000050       0x10 kernel/scheduler.o
 .gnu.attributes
                0x0000000000000060       0x10 kernel/sleepq.o
 .gnu.attributes
                0x0000000000000070       0x10 kernel/semaphore.o
 .gnu.attributes
                0x0000000000000080       0x10 kernel/exception.o
 .gnu.attributes
                0x0000000000000090       0x10 kernel/halt.o
 .gnu.attributes
                0x00000000000000a0       0x10 lib/libc.o
 .gnu.attributes
                0x00000000000000b0       0x10 lib/xprintf.o
 .gnu.attributes
                0x00000000000000c0       0x10 lib/bitmap.o
 .gnu.attributes
                0x00000000000000d0       0x10 lib/debug.o
 .gnu.attributes
                0x00000000000000e0       0x10 drivers/polltty.o
 .gnu.attributes
                0x00000000000000f0       0x10 drivers/timer.o
 .gnu.attributes
                0x0000000000000100       0x10 drivers/bootargs.o
 .gnu.attributes
                0x0000000000000110       0x10 drivers/device.o
 .gnu.attributes
                0x0000000000000120       0x10 drivers/drivers.o
 .gnu.attributes
                0x0000000000000130       0x10 drivers/tty.o
 .gnu.attributes
                0x0000000000000140       0x10 drivers/disk.o
 .gnu.attributes
                0x0000000000000150       0x10 drivers/disksched.o
 .gnu.attributes
                0x0000000000000160       0x10 drivers/metadev.o
 .gnu.attributes
                0x0000000000000170       0x10 proc/exception.o
 .gnu.attributes
                0x0000000000000180       0x10 proc/elf.o
 .gnu.attributes
                0x0000000000000190       0x10 proc/process.o
 .gnu.attributes
                0x00000000000001a0       0x10 proc/syscall.o
 .gnu.attributes
                0x00000000000001b0       0x10 vm/vm.o
 .gnu.attributes
                0x00000000000001c0       0x10 vm/pagepool.o
 .gnu.attributes
                0x00000000000001d0       0x10 vm/tlb.o
 .gnu.attributes
                0x00000000000001e0       0x10 fs/vfs.o
 .gnu.attributes
                0x00000000000001f0       0x10 fs/tfs.o
 .gnu.attributes
                0x0000000000000200       0x10 fs/filesystems.o
 .gnu.attributes
                0x0000000000000210       0x10 net/network.o
 .gnu.attributes
                0x0000000000000220       0x10 net/protocols.o
 .gnu.attributes
                0x0000000000000230       0x10 net/socket.o
 .gnu.attributes
                0x0000000000000240       0x10 net/pop.o

.stab           0x0000000000000000     0x1560
 .stab          0x0000000000000000       0xfc init/_boot.o
 .stab          0x00000000000000fc      0x9d8 kernel/cswitch.o
                                        0x9e4 (size before relaxing)
 .stab          0x0000000000000ad4      0x3f0 kernel/_interrupt.o
                                        0x3fc (size before relaxing)
 .stab          0x0000000000000ec4       0xb4 kernel/_spinlock.o
                                         0xc0 (size before relaxing)
 .stab          0x0000000000000f78       0x54 kernel/idle.o
                                         0x60 (size before relaxing)
 .stab          0x0000000000000fcc       0xe4 lib/rand.o
                                         0xf0 (size before relaxing)
 .stab          0x00000000000010b0       0x6c drivers/_timer.o
                                         0x78 (size before relaxing)
 .stab          0x000000000000111c      0x444 vm/_tlb.o
                                        0x450 (size before relaxing)

.stabstr        0x0000000000000000      0x3a9
 .stabstr       0x0000000000000000      0x3a9 init/_boot.o

.debug_info     0x0000000000000000     0xd9be
 .debug_info    0x0000000000000000      0xa90 init/main.o
 .debug_info    0x0000000000000a90      0x16e kernel/panic.o
 .debug_info    0x0000000000000bfe      0x33d kernel/kmalloc.o
 .debug_info    0x0000000000000f3b      0x725 kernel/interrupt.o
 .debug_info    0x0000000000001660      0x7ca kernel/thread.o
 .debug_info    0x0000000000001e2a      0x622 kernel/scheduler.o
 .debug_info    0x000000000000244c      0x71f kernel/sleepq.o
 .debug_info    0x0000000000002b6b      0x463 kernel/semaphore.o
 .debug_info    0x0000000000002fce      0x42f kernel/exception.o
 .debug_info    0x00000000000033fd      0x10c kernel/halt.o
 .debug_info    0x0000000000003509      0x349 lib/libc.o
 .debug_info    0x0000000000003852      0xa5e lib/xprintf.o
 .debug_info    0x00000000000042b0      0x332 lib/bitmap.o
 .debug_info    0x00000000000045e2      0x135 lib/debug.o
 .debug_info    0x0000000000004717      0x1aa drivers/polltty.o
 .debug_info    0x00000000000048c1       0xfe drivers/timer.o
 .debug_info    0x00000000000049bf      0x22b drivers/bootargs.o
 .debug_info    0x0000000000004bea      0x325 drivers/device.o
 .debug_info    0x0000000000004f0f      0x1c2 drivers/drivers.o
 .debug_info    0x00000000000050d1      0x7c7 drivers/tty.o
 .debug_info    0x0000000000005898      0xaac drivers/disk.o
 .debug_info    0x0000000000006344      0x1b1 drivers/disksched.o
 .debug_info    0x00000000000064f5      0x791 drivers/metadev.o
 .debug_info    0x0000000000006c86      0x5cf proc/exception.o
 .debug_info    0x0000000000007255      0x3d0 proc/elf.o
 .debug_info    0x0000000000007625      0xf42 proc/process.o
 .debug_info    0x0000000000008567      0x5fe proc/syscall.o
 .debug_info    0x0000000000008b65      0x49b vm/vm.o
 .debug_info    0x0000000000009000      0x49f vm/pagepool.o
 .debug_info    0x000000000000949f      0x330 vm/tlb.o
 .debug_info    0x00000000000097cf     0x14b7 fs/vfs.o
 .debug_info    0x000000000000ac86      0xfa4 fs/tfs.o
 .debug_info    0x000000000000bc2a      0x501 fs/filesystems.o
 .debug_info    0x000000000000c12b      0x9de net/network.o
 .debug_info    0x000000000000cb09      0x170 net/protocols.o
 .debug_info    0x000000000000cc79      0x3cb net/socket.o
 .debug_info    0x000000000000d044      0x97a net/pop.o

.debug_abbrev   0x0000000000000000     0x41a1
 .debug_abbrev  0x0000000000000000      0x1ef init/main.o
 .debug_abbrev  0x00000000000001ef       0xf6 kernel/panic.o
 .debug_abbrev  0x00000000000002e5      0x1be kernel/kmalloc.o
 .debug_abbrev  0x00000000000004a3      0x231 kernel/interrupt.o
 .debug_abbrev  0x00000000000006d4      0x2ac kernel/thread.o
 .debug_abbrev  0x0000000000000980      0x225 kernel/scheduler.o
 .debug_abbrev  0x0000000000000ba5      0x209 kernel/sleepq.o
 .debug_abbrev  0x0000000000000dae      0x1a6 kernel/semaphore.o
 .debug_abbrev  0x0000000000000f54      0x16a kernel/exception.o
 .debug_abbrev  0x00000000000010be       0xd6 kernel/halt.o
 .debug_abbrev  0x0000000000001194      0x147 lib/libc.o
 .debug_abbrev  0x00000000000012db      0x24a lib/xprintf.o
 .debug_abbrev  0x0000000000001525      0x160 lib/bitmap.o
 .debug_abbrev  0x0000000000001685       0xde lib/debug.o
 .debug_abbrev  0x0000000000001763       0xfb drivers/polltty.o
 .debug_abbrev  0x000000000000185e       0xc8 drivers/timer.o
 .debug_abbrev  0x0000000000001926      0x1ab drivers/bootargs.o
 .debug_abbrev  0x0000000000001ad1      0x1d2 drivers/device.o
 .debug_abbrev  0x0000000000001ca3       0xaa drivers/drivers.o
 .debug_abbrev  0x0000000000001d4d      0x275 drivers/tty.o
 .debug_abbrev  0x0000000000001fc2      0x311 drivers/disk.o
 .debug_abbrev  0x00000000000022d3       0xd6 drivers/disksched.o
 .debug_abbrev  0x00000000000023a9      0x254 drivers/metadev.o
 .debug_abbrev  0x00000000000025fd      0x1a0 proc/exception.o
 .debug_abbrev  0x000000000000279d      0x15c proc/elf.o
 .debug_abbrev  0x00000000000028f9      0x314 proc/process.o
 .debug_abbrev  0x0000000000002c0d      0x21e proc/syscall.o
 .debug_abbrev  0x0000000000002e2b      0x1d4 vm/vm.o
 .debug_abbrev  0x0000000000002fff      0x178 vm/pagepool.o
 .debug_abbrev  0x0000000000003177      0x16e vm/tlb.o
 .debug_abbrev  0x00000000000032e5      0x31e fs/vfs.o
 .debug_abbrev  0x0000000000003603      0x269 fs/tfs.o
 .debug_abbrev  0x000000000000386c      0x154 fs/filesystems.o
 .debug_abbrev  0x00000000000039c0      0x34d net/network.o
 .debug_abbrev  0x0000000000003d0d       0xf3 net/protocols.o
 .debug_abbrev  0x0000000000003e00      0x196 net/socket.o
 .debug_abbrev  0x0000000000003f96      0x20b net/pop.o

.debug_loc      0x0000000000000000     0x6f20
 .debug_loc     0x0000000000000000       0xf7 init/main.o
 .debug_loc     0x00000000000000f7       0x97 kernel/panic.o
 .debug_loc     0x000000000000018e       0xed kernel/kmalloc.o
 .debug_loc     0x000000000000027b      0x23c kernel/interrupt.o
 .debug_loc     0x00000000000004b7      0x238 kernel/thread.o
 .debug_loc     0x00000000000006ef      0x186 kernel/scheduler.o
 .debug_loc     0x0000000000000875      0x317 kernel/sleepq.o
 .debug_loc     0x0000000000000b8c      0x228 kernel/semaphore.o
 .debug_loc     0x0000000000000db4       0x60 kernel/exception.o
 .debug_loc     0x0000000000000e14      0x5e9 lib/libc.o
 .debug_loc     0x00000000000013fd     0x136b lib/xprintf.o
 .debug_loc     0x0000000000002768      0x59e lib/bitmap.o
 .debug_loc     0x0000000000002d06       0x4d lib/debug.o
 .debug_loc     0x0000000000002d53       0x43 drivers/polltty.o
 .debug_loc     0x0000000000002d96       0x4a drivers/timer.o
 .debug_loc     0x0000000000002de0      0x24f drivers/bootargs.o
 .debug_loc     0x000000000000302f      0x123 drivers/device.o
 .debug_loc     0x0000000000003152      0x3ed drivers/tty.o
 .debug_loc     0x000000000000353f      0x4da drivers/disk.o
 .debug_loc     0x0000000000003a19      0x3bb drivers/metadev.o
 .debug_loc     0x0000000000003dd4       0x55 proc/exception.o
 .debug_loc     0x0000000000003e29       0xb8 proc/elf.o
 .debug_loc     0x0000000000003ee1      0x331 proc/process.o
 .debug_loc     0x0000000000004212      0x338 proc/syscall.o
 .debug_loc     0x000000000000454a      0x2a7 vm/vm.o
 .debug_loc     0x00000000000047f1      0x143 vm/pagepool.o
 .debug_loc     0x0000000000004934       0x42 vm/tlb.o
 .debug_loc     0x0000000000004976      0xb9c fs/vfs.o
 .debug_loc     0x0000000000005512      0xb4a fs/tfs.o
 .debug_loc     0x000000000000605c       0xa7 fs/filesystems.o
 .debug_loc     0x0000000000006103      0x680 net/network.o
 .debug_loc     0x0000000000006783       0x7f net/protocols.o
 .debug_loc     0x0000000000006802      0x188 net/socket.o
 .debug_loc     0x000000000000698a      0x596 net/pop.o

.debug_aranges  0x0000000000000000      0x498
 .debug_aranges
                0x0000000000000000       0x20 init/main.o
 .debug_aranges
                0x0000000000000020       0x20 kernel/panic.o
 .debug_aranges
                0x0000000000000040       0x20 kernel/kmalloc.o
 .debug_aranges
                0x0000000000000060       0x20 kernel/interrupt.o
 .debug_aranges
                0x0000000000000080       0x20 kernel/thread.o
 .debug_aranges
                0x00000000000000a0       0x20 kernel/scheduler.o
 .debug_aranges
                0x00000000000000c0       0x20 kernel/sleepq.o
 .debug_aranges
                0x00000000000000e0       0x20 kernel/semaphore.o
 .debug_aranges
                0x0000000000000100       0x20 kernel/exception.o
 .debug_aranges
                0x0000000000000120       0x20 kernel/halt.o
 .debug_aranges
                0x0000000000000140       0x20 lib/libc.o
 .debug_aranges
                0x0000000000000160       0x20 lib/xprintf.o
 .debug_aranges
                0x0000000000000180       0x20 lib/bitmap.o
 .debug_aranges
                0x00000000000001a0       0x20 lib/debug.o
 .debug_aranges
                0x00000000000001c0       0x20 drivers/polltty.o
 .debug_aranges
                0x00000000000001e0       0x20 drivers/timer.o
 .debug_aranges
                0x0000000000000200       0x20 drivers/bootargs.o
 .debug_aranges
                0x0000000000000220       0x20 drivers/device.o
 .debug_aranges
                0x0000000000000240       0x18 drivers/drivers.o
 .debug_aranges
                0x0000000000000258       0x20 drivers/tty.o
 .debug_aranges
                0x0000000000000278       0x20 drivers/disk.o
 .debug_aranges
                0x0000000000000298       0x20 drivers/disksched.o
 .debug_aranges
                0x00000000000002b8       0x20 drivers/metadev.o
 .debug_aranges
                0x00000000000002d8       0x20 proc/exception.o
 .debug_aranges
                0x00000000000002f8       0x20 proc/elf.o
 .debug_aranges
                0x0000000000000318       0x20 proc/process.o
 .debug_aranges
                0x0000000000000338       0x20 proc/syscall.o
 .debug_aranges
                0x0000000000000358       0x20 vm/vm.o
 .debug_aranges
                0x0000000000000378       0x20 vm/pagepool.o
 .debug_aranges
                0x0000000000000398       0x20 vm/tlb.o
 .debug_aranges
                0x00000000000003b8       0x20 fs/vfs.o
 .debug_aranges
                0x00000000000003d8       0x20 fs/tfs.o
 .debug_aranges
                0x00000000000003f8       0x20 fs/filesystems.o
 .debug_aranges
                0x0000000000000418       0x20 net/network.o
 .debug_aranges
                0x0000000000000438       0x20 net/protocols.o
 .debug_aranges
                0x0000000000000458       0x20 net/socket.o
 .debug_aranges
                0x0000000000000478       0x20 net/pop.o

.debug_ranges   0x0000000000000000      0x398
 .debug_ranges  0x0000000000000000       0x20 init/main.o
 .debug_ranges  0x0000000000000020       0x28 kernel/thread.o
 .debug_ranges  0x0000000000000048       0x20 kernel/scheduler.o
 .debug_ranges  0x0000000000000068      0x128 lib/xprintf.o
 .debug_ranges  0x0000000000000190       0x18 lib/bitmap.o
 .debug_ranges  0x00000000000001a8       0x20 drivers/device.o
 .debug_ranges  0x00000000000001c8       0x40 drivers/tty.o
 .debug_ranges  0x0000000000000208       0x20 drivers/disk.o
 .debug_ranges  0x0000000000000228       0x48 proc/process.o
 .debug_ranges  0x0000000000000270       0x20 proc/syscall.o
 .debug_ranges  0x0000000000000290       0x40 fs/vfs.o
 .debug_ranges  0x00000000000002d0       0xb0 net/network.o
 .debug_ranges  0x0000000000000380       0x18 net/socket.o

.debug_line     0x0000000000000000     0x3468
 .debug_line    0x0000000000000000      0x1fe init/main.o
 .debug_line    0x00000000000001fe       0x90 kernel/panic.o
 .debug_line    0x000000000000028e       0xe5 kernel/kmalloc.o
 .debug_line    0x0000000000000373      0x1a7 kernel/interrupt.o
 .debug_line    0x000000000000051a      0x1cd kernel/thread.o
 .debug_line    0x00000000000006e7      0x177 kernel/scheduler.o
 .debug_line    0x000000000000085e      0x1ad kernel/sleepq.o
 .debug_line    0x0000000000000a0b      0x11e kernel/semaphore.o
 .debug_line    0x0000000000000b29       0xd1 kernel/exception.o
 .debug_line    0x0000000000000bfa       0x84 kernel/halt.o
 .debug_line    0x0000000000000c7e      0x174 lib/libc.o
 .debug_line    0x0000000000000df2      0x2de lib/xprintf.o
 .debug_line    0x00000000000010d0      0x129 lib/bitmap.o
 .debug_line    0x00000000000011f9       0xa3 lib/debug.o
 .debug_line    0x000000000000129c       0x95 drivers/polltty.o
 .debug_line    0x0000000000001331       0x6e drivers/timer.o
 .debug_line    0x000000000000139f       0xf6 drivers/bootargs.o
 .debug_line    0x0000000000001495       0xe5 drivers/device.o
 .debug_line    0x000000000000157a       0x70 drivers/drivers.o
 .debug_line    0x00000000000015ea      0x1f8 drivers/tty.o
 .debug_line    0x00000000000017e2      0x1ed drivers/disk.o
 .debug_line    0x00000000000019cf       0x9f drivers/disksched.o
 .debug_line    0x0000000000001a6e      0x185 drivers/metadev.o
 .debug_line    0x0000000000001bf3       0xf5 proc/exception.o
 .debug_line    0x0000000000001ce8       0xd4 proc/elf.o
 .debug_line    0x0000000000001dbc      0x2cc proc/process.o
 .debug_line    0x0000000000002088      0x143 proc/syscall.o
 .debug_line    0x00000000000021cb      0x17b vm/vm.o
 .debug_line    0x0000000000002346      0x111 vm/pagepool.o
 .debug_line    0x0000000000002457       0x95 vm/tlb.o
 .debug_line    0x00000000000024ec      0x39a fs/vfs.o
 .debug_line    0x0000000000002886      0x3f9 fs/tfs.o
 .debug_line    0x0000000000002c7f       0xea fs/filesystems.o
 .debug_line    0x0000000000002d69      0x20c net/network.o
 .debug_line    0x0000000000002f75       0x92 net/protocols.o
 .debug_line    0x0000000000003007      0x173 net/socket.o
 .debug_line    0x000000000000317a      0x2ee net/pop.o

.debug_str      0x0000000000000000     0x1be7
 .debug_str     0x0000000000000000      0x333 init/main.o
                                        0x39a (size before relaxing)
 .debug_str     0x0000000000000333       0x45 kernel/panic.o
                                        0x144 (size before relaxing)
 .debug_str     0x0000000000000378       0xb4 kernel/kmalloc.o
                                        0x1ea (size before relaxing)
 .debug_str     0x000000000000042c      0x230 kernel/interrupt.o
                                        0x404 (size before relaxing)
 .debug_str     0x000000000000065c      0x13a kernel/thread.o
                                        0x43a (size before relaxing)
 .debug_str     0x0000000000000796       0x72 kernel/scheduler.o
                                        0x3d3 (size before relaxing)
 .debug_str     0x0000000000000808       0x8e kernel/sleepq.o
                                        0x3b2 (size before relaxing)
 .debug_str     0x0000000000000896       0x8f kernel/semaphore.o
                                        0x24d (size before relaxing)
 .debug_str     0x0000000000000925       0xa3 kernel/exception.o
                                        0x1d7 (size before relaxing)
 .debug_str     0x00000000000009c8       0x19 kernel/halt.o
                                         0xfe (size before relaxing)
 .debug_str     0x00000000000009e1       0x74 lib/libc.o
                                        0x168 (size before relaxing)
 .debug_str     0x0000000000000a55       0x9d lib/xprintf.o
                                        0x21c (size before relaxing)
 .debug_str     0x0000000000000af2       0x6e lib/bitmap.o
                                        0x146 (size before relaxing)
 .debug_str     0x0000000000000b60       0x27 lib/debug.o
                                        0x122 (size before relaxing)
 .debug_str     0x0000000000000b87       0x3c drivers/polltty.o
                                        0x181 (size before relaxing)
 .debug_str     0x0000000000000bc3       0x21 drivers/timer.o
                                        0x146 (size before relaxing)
 .debug_str     0x0000000000000be4       0x5c drivers/bootargs.o
                                        0x159 (size before relaxing)
 .debug_str     0x0000000000000c40       0x74 drivers/device.o
                                        0x1e2 (size before relaxing)
 .debug_str     0x0000000000000cb4       0x12 drivers/drivers.o
                                        0x192 (size before relaxing)
 .debug_str     0x0000000000000cc6       0xa4 drivers/tty.o
                                        0x330 (size before relaxing)
 .debug_str     0x0000000000000d6a      0x195 drivers/disk.o
                                        0x458 (size before relaxing)
 .debug_str     0x0000000000000eff       0x14 drivers/disksched.o
                                        0x1b1 (size before relaxing)
 .debug_str     0x0000000000000f13      0x121 drivers/metadev.o
                                        0x380 (size before relaxing)
 .debug_str     0x0000000000001034       0x3f proc/exception.o
                                        0x308 (size before relaxing)
 .debug_str     0x0000000000001073      0x1a5 proc/elf.o
                                        0x27c (size before relaxing)
 .debug_str     0x0000000000001218      0x183 proc/process.o
                                        0x5d4 (size before relaxing)
 .debug_str     0x000000000000139b       0x5a proc/syscall.o
                                        0x26e (size before relaxing)
 .debug_str     0x00000000000013f5       0x40 vm/vm.o
                                        0x218 (size before relaxing)
 .debug_str     0x0000000000001435       0x70 vm/pagepool.o
                                        0x2a7 (size before relaxing)
 .debug_str     0x00000000000014a5       0x60 vm/tlb.o
                                        0x1c3 (size before relaxing)
 .debug_str     0x0000000000001505      0x1b0 fs/vfs.o
                                        0x501 (size before relaxing)
 .debug_str     0x00000000000016b5       0xd2 fs/tfs.o
                                        0x483 (size before relaxing)
 .debug_str     0x0000000000001787       0x34 fs/filesystems.o
                                        0x2ff (size before relaxing)
 .debug_str     0x00000000000017bb      0x222 net/network.o
                                        0x43f (size before relaxing)
 .debug_str     0x00000000000019dd       0x36 net/protocols.o
                                        0x16a (size before relaxing)
 .debug_str     0x0000000000001a13       0xa1 net/socket.o
                                        0x229 (size before relaxing)
 .debug_str     0x0000000000001ab4      0x133 net/pop.o
                                        0x3bd (size before relaxing)

.debug_frame    0x0000000000000000     0x1a2c
 .debug_frame   0x0000000000000000       0x88 init/main.o
 .debug_frame   0x0000000000000088       0x38 kernel/panic.o
 .debug_frame   0x00000000000000c0       0x9c kernel/kmalloc.o
 .debug_frame   0x000000000000015c       0x98 kernel/interrupt.o
 .debug_frame   0x00000000000001f4      0x120 kernel/thread.o
 .debug_frame   0x0000000000000314       0xa4 kernel/scheduler.o
 .debug_frame   0x00000000000003b8       0xc8 kernel/sleepq.o
 .debug_frame   0x0000000000000480       0xc8 kernel/semaphore.o
 .debug_frame   0x0000000000000548       0x50 kernel/exception.o
 .debug_frame   0x0000000000000598       0x2c kernel/halt.o
 .debug_frame   0x00000000000005c4       0xb8 lib/libc.o
 .debug_frame   0x000000000000067c      0x118 lib/xprintf.o
 .debug_frame   0x0000000000000794       0xe4 lib/bitmap.o
 .debug_frame   0x0000000000000878       0x30 lib/debug.o
 .debug_frame   0x00000000000008a8       0x40 drivers/polltty.o
 .debug_frame   0x00000000000008e8       0x30 drivers/timer.o
 .debug_frame   0x0000000000000918       0x4c drivers/bootargs.o
 .debug_frame   0x0000000000000964       0x54 drivers/device.o
 .debug_frame   0x00000000000009b8       0xd4 drivers/tty.o
 .debug_frame   0x0000000000000a8c      0x144 drivers/disk.o
 .debug_frame   0x0000000000000bd0       0x20 drivers/disksched.o
 .debug_frame   0x0000000000000bf0      0x17c drivers/metadev.o
 .debug_frame   0x0000000000000d6c       0x34 proc/exception.o
 .debug_frame   0x0000000000000da0       0x48 proc/elf.o
 .debug_frame   0x0000000000000de8      0x148 proc/process.o
 .debug_frame   0x0000000000000f30       0xd0 proc/syscall.o
 .debug_frame   0x0000000000001000       0xf0 vm/vm.o
 .debug_frame   0x00000000000010f0       0x8c vm/pagepool.o
 .debug_frame   0x000000000000117c       0x6c vm/tlb.o
 .debug_frame   0x00000000000011e8      0x344 fs/vfs.o
 .debug_frame   0x000000000000152c      0x1d0 fs/tfs.o
 .debug_frame   0x00000000000016fc       0x40 fs/filesystems.o
 .debug_frame   0x000000000000173c      0x110 net/network.o
 .debug_frame   0x000000000000184c       0x40 net/protocols.o
 .debug_frame   0x000000000000188c       0xa4 net/socket.o
 .debug_frame   0x0000000000001930       0xfc net/pop.o

Cross Reference Table

Symbol                                            File
DEBUG                                             lib/debug.o
                                                  init/main.o
KERNEL_ENDS_HERE                                  kernel/kmalloc.o
_cswitch_switch                                   kernel/cswitch.o
_cswitch_to_userland                              kernel/cswitch.o
                                                  kernel/thread.o
_cswitch_vector_code                              kernel/cswitch.o
                                                  kernel/interrupt.o
_get_rand                                         lib/rand.o
                                                  kernel/scheduler.o
_idle_thread_wait_loop                            kernel/idle.o
                                                  kernel/thread.o
                                                  init/_boot.o
_interrupt_clear_EXL                              kernel/_interrupt.o
                                                  proc/exception.o
                                                  kernel/exception.o
_interrupt_clear_bootstrap                        kernel/_interrupt.o
                                                  init/main.o
                                                  init/_boot.o
_interrupt_clear_sw                               kernel/_interrupt.o
_interrupt_clear_sw0                              kernel/_interrupt.o
                                                  kernel/interrupt.o
_interrupt_clear_sw1                              kernel/_interrupt.o
_interrupt_disable                                kernel/_interrupt.o
                                                  vm/pagepool.o
                                                  proc/process.o
                                                  proc/exception.o
                                                  drivers/metadev.o
                                                  drivers/disk.o
                                                  drivers/tty.o
                                                  drivers/timer.o
                                                  lib/xprintf.o
                                                  kernel/exception.o
                                                  kernel/semaphore.o
                                                  kernel/sleepq.o
                                                  kernel/scheduler.o
                                                  kernel/thread.o
                                                  kernel/panic.o
_interrupt_enable                                 kernel/_interrupt.o
                                                  proc/process.o
                                                  proc/exception.o
                                                  kernel/thread.o
                                                  init/main.o
                                                  init/_boot.o
_interrupt_generate_sw0                           kernel/_interrupt.o
                                                  kernel/thread.o
                                                  init/_boot.o
_interrupt_get_state                              kernel/_interrupt.o
                                                  kernel/sleepq.o
_interrupt_getcpu                                 kernel/_interrupt.o
                                                  drivers/metadev.o
                                                  kernel/scheduler.o
                                                  kernel/thread.o
                                                  kernel/interrupt.o
                                                  kernel/panic.o
_interrupt_set_EXL                                kernel/_interrupt.o
                                                  proc/exception.o
                                                  kernel/exception.o
_interrupt_set_state                              kernel/_interrupt.o
                                                  vm/pagepool.o
                                                  proc/process.o
                                                  drivers/metadev.o
                                                  drivers/disk.o
                                                  drivers/tty.o
                                                  drivers/timer.o
                                                  lib/xprintf.o
                                                  kernel/exception.o
                                                  kernel/semaphore.o
                                                  kernel/sleepq.o
                                                  kernel/scheduler.o
                                                  kernel/thread.o
_kernel_panic                                     kernel/panic.o
                                                  net/pop.o
                                                  net/socket.o
                                                  net/network.o
                                                  fs/vfs.o
                                                  vm/tlb.o
                                                  vm/pagepool.o
                                                  vm/vm.o
                                                  proc/syscall.o
                                                  proc/process.o
                                                  proc/exception.o
                                                  drivers/metadev.o
                                                  drivers/disk.o
                                                  drivers/tty.o
                                                  lib/bitmap.o
                                                  kernel/exception.o
                                                  kernel/semaphore.o
                                                  kernel/sleepq.o
                                                  kernel/scheduler.o
                                                  kernel/thread.o
                                                  kernel/interrupt.o
                                                  kernel/kmalloc.o
                                                  init/main.o
_set_rand_seed                                    lib/rand.o
                                                  init/main.o
_start                                            init/_boot.o
_timer_set_ticks                                  drivers/_timer.o
                                                  drivers/timer.o
_tlb_get_exception_state                          vm/_tlb.o
                                                  kernel/exception.o
_tlb_get_maxindex                                 vm/_tlb.o
                                                  vm/tlb.o
                                                  proc/process.o
_tlb_probe                                        vm/_tlb.o
_tlb_read                                         vm/_tlb.o
_tlb_set_asid                                     vm/_tlb.o
                                                  vm/tlb.o
_tlb_write                                        vm/_tlb.o
                                                  vm/tlb.o
_tlb_write_random                                 vm/_tlb.o
atoi                                              lib/libc.o
                                                  init/main.o
bitmap_findnset                                   lib/bitmap.o
                                                  fs/tfs.o
                                                  vm/pagepool.o
bitmap_get                                        lib/bitmap.o
                                                  fs/tfs.o
                                                  vm/pagepool.o
bitmap_init                                       lib/bitmap.o
                                                  vm/pagepool.o
bitmap_set                                        lib/bitmap.o
                                                  fs/tfs.o
                                                  vm/pagepool.o
bitmap_sizeof                                     lib/bitmap.o
                                                  vm/pagepool.o
bootargs_get                                      drivers/bootargs.o
                                                  lib/debug.o
                                                  init/main.o
bootargs_init                                     drivers/bootargs.o
                                                  init/main.o
cpustatus_count                                   drivers/metadev.o
                                                  init/main.o
cpustatus_generate_irq                            drivers/metadev.o
cpustatus_init                                    drivers/metadev.o
                                                  drivers/drivers.o
cpustatus_interrupt_handle                        drivers/metadev.o
device_get                                        drivers/device.o
                                                  net/network.o
                                                  fs/vfs.o
                                                  proc/syscall.o
                                                  init/main.o
device_init                                       drivers/device.o
                                                  init/main.o
disk_init                                         drivers/disk.o
                                                  drivers/drivers.o
disksched_schedule                                drivers/disksched.o
                                                  drivers/disk.o
drivers_available                                 drivers/drivers.o
                                                  drivers/device.o
elf_parse_header                                  proc/elf.o
                                                  proc/process.o
filesystems_try_all                               fs/filesystems.o
                                                  fs/vfs.o
findFreeBlock                                     proc/process.o
halt_kernel                                       kernel/halt.o
                                                  proc/syscall.o
                                                  init/main.o
init                                              init/main.o
                                                  init/_boot.o
init_startup_fallback                             init/main.o
init_startup_thread                               init/main.o
interrupt_handle                                  kernel/interrupt.o
                                                  kernel/cswitch.o
interrupt_init                                    kernel/interrupt.o
                                                  init/main.o
interrupt_register                                kernel/interrupt.o
                                                  drivers/metadev.o
                                                  drivers/disk.o
                                                  drivers/tty.o
interrupt_stacks                                  kernel/interrupt.o
                                                  kernel/cswitch.o
kernel_bootstrap_finished                         init/main.o
                                                  init/_boot.o
kernel_exception_handle                           kernel/exception.o
                                                  kernel/cswitch.o
kmalloc                                           kernel/kmalloc.o
                                                  vm/pagepool.o
                                                  drivers/metadev.o
                                                  drivers/disk.o
                                                  drivers/tty.o
                                                  drivers/bootargs.o
                                                  kernel/interrupt.o
kmalloc_disable                                   kernel/kmalloc.o
                                                  vm/vm.o
kmalloc_get_numpages                              kernel/kmalloc.o
                                                  vm/pagepool.o
kmalloc_get_reserved_pages                        kernel/kmalloc.o
                                                  vm/pagepool.o
kmalloc_init                                      kernel/kmalloc.o
                                                  init/main.o
kprintf                                           lib/xprintf.o
                                                  net/network.o
                                                  fs/filesystems.o
                                                  fs/tfs.o
                                                  fs/vfs.o
                                                  vm/pagepool.o
                                                  vm/vm.o
                                                  proc/syscall.o
                                                  drivers/metadev.o
                                                  drivers/disk.o
                                                  drivers/device.o
                                                  kernel/halt.o
                                                  kernel/exception.o
                                                  kernel/interrupt.o
                                                  kernel/kmalloc.o
                                                  kernel/panic.o
                                                  init/main.o
kprintf_slock                                     lib/xprintf.o
                                                  drivers/tty.o
kread                                             lib/libc.o
kvprintf                                          lib/xprintf.o
                                                  lib/debug.o
kwrite                                            lib/libc.o
                                                  init/main.o
memcopy                                           lib/libc.o
                                                  net/pop.o
                                                  net/network.o
                                                  fs/tfs.o
meminfo_get_pages                                 drivers/metadev.o
meminfo_init                                      drivers/metadev.o
                                                  drivers/drivers.o
memoryset                                         lib/libc.o
                                                  fs/tfs.o
                                                  proc/process.o
                                                  proc/elf.o
network_free_frame                                net/network.o
                                                  net/pop.o
network_get_broadcast_address                     net/network.o
network_get_loopback_address                      net/network.o
network_get_mtu                                   net/network.o
                                                  net/pop.o
network_get_source_address                        net/network.o
network_init                                      net/network.o
                                                  init/main.o
network_interfaces                                net/network.o
network_protocols                                 net/protocols.o
network_send                                      net/network.o
                                                  net/pop.o
open_sockets                                      net/pop.o
                                                  net/socket.o
open_sockets_sem                                  net/pop.o
                                                  net/socket.o
pagepool_free_phys_page                           vm/pagepool.o
                                                  net/network.o
                                                  fs/tfs.o
                                                  vm/vm.o
pagepool_get_phys_page                            vm/pagepool.o
                                                  net/pop.o
                                                  net/network.o
                                                  fs/tfs.o
                                                  vm/vm.o
                                                  proc/process.o
pagepool_init                                     vm/pagepool.o
                                                  vm/vm.o
polltty_getchar                                   drivers/polltty.o
                                                  lib/libc.o
polltty_init                                      drivers/polltty.o
                                                  init/main.o
polltty_putchar                                   drivers/polltty.o
                                                  lib/xprintf.o
                                                  lib/libc.o
pop_init                                          net/pop.o
                                                  net/protocols.o
pop_push_frame                                    net/pop.o
                                                  net/protocols.o
process_finish                                    proc/process.o
                                                  proc/syscall.o
process_get_current_process                       proc/process.o
process_get_current_process_entry                 proc/process.o
process_get_process_entry                         proc/process.o
process_init                                      proc/process.o
                                                  init/main.o
process_join                                      proc/process.o
                                                  proc/syscall.o
process_spawn                                     proc/process.o
                                                  proc/syscall.o
                                                  init/main.o
process_start                                     proc/process.o
process_table                                     proc/process.o
protocols_get_frame_handler                       net/protocols.o
                                                  net/network.o
protocols_init                                    net/protocols.o
                                                  net/network.o
rtc_get_clockspeed                                drivers/metadev.o
rtc_get_msec                                      drivers/metadev.o
                                                  net/pop.o
rtc_init                                          drivers/metadev.o
                                                  drivers/drivers.o
scheduler_add_ready                               kernel/scheduler.o
                                                  kernel/thread.o
scheduler_add_to_ready_list                       kernel/scheduler.o
                                                  kernel/sleepq.o
scheduler_current_thread                          kernel/scheduler.o
                                                  kernel/thread.o
                                                  kernel/interrupt.o
                                                  kernel/cswitch.o
scheduler_init                                    kernel/scheduler.o
                                                  init/main.o
scheduler_schedule                                kernel/scheduler.o
                                                  kernel/interrupt.o
semaphore_P                                       kernel/semaphore.o
                                                  net/pop.o
                                                  net/socket.o
                                                  fs/tfs.o
                                                  fs/vfs.o
                                                  drivers/disk.o
semaphore_V                                       kernel/semaphore.o
                                                  net/pop.o
                                                  net/socket.o
                                                  fs/tfs.o
                                                  fs/vfs.o
                                                  drivers/disk.o
semaphore_create                                  kernel/semaphore.o
                                                  net/pop.o
                                                  net/socket.o
                                                  fs/tfs.o
                                                  fs/vfs.o
                                                  drivers/disk.o
semaphore_destroy                                 kernel/semaphore.o
                                                  net/socket.o
                                                  fs/tfs.o
                                                  drivers/disk.o
semaphore_init                                    kernel/semaphore.o
                                                  init/main.o
shutdown                                          drivers/metadev.o
                                                  kernel/halt.o
                                                  kernel/panic.o
shutdown_init                                     drivers/metadev.o
                                                  drivers/drivers.o
sleepq_add                                        kernel/sleepq.o
                                                  proc/process.o
                                                  drivers/tty.o
                                                  kernel/semaphore.o
sleepq_init                                       kernel/sleepq.o
                                                  init/main.o
sleepq_wake                                       kernel/sleepq.o
                                                  kernel/semaphore.o
sleepq_wake_all                                   kernel/sleepq.o
                                                  drivers/tty.o
snprintf                                          lib/xprintf.o
                                                  init/main.o
socket_close                                      net/socket.o
socket_init                                       net/socket.o
                                                  net/network.o
socket_open                                       net/socket.o
socket_recvfrom                                   net/pop.o
socket_sendto                                     net/pop.o
spinlock_acquire                                  kernel/_spinlock.o
                                                  vm/pagepool.o
                                                  proc/process.o
                                                  drivers/metadev.o
                                                  drivers/disk.o
                                                  drivers/tty.o
                                                  lib/xprintf.o
                                                  kernel/semaphore.o
                                                  kernel/sleepq.o
                                                  kernel/scheduler.o
                                                  kernel/thread.o
spinlock_release                                  kernel/_spinlock.o
                                                  vm/pagepool.o
                                                  proc/process.o
                                                  drivers/metadev.o
                                                  drivers/disk.o
                                                  drivers/tty.o
                                                  lib/xprintf.o
                                                  kernel/semaphore.o
                                                  kernel/sleepq.o
                                                  kernel/scheduler.o
                                                  kernel/thread.o
spinlock_reset                                    kernel/_spinlock.o
                                                  vm/pagepool.o
                                                  proc/process.o
                                                  drivers/metadev.o
                                                  drivers/disk.o
                                                  drivers/tty.o
                                                  kernel/semaphore.o
                                                  kernel/sleepq.o
                                                  kernel/thread.o
stringcmp                                         lib/libc.o
                                                  fs/tfs.o
                                                  fs/vfs.o
stringcopy                                        lib/libc.o
                                                  fs/tfs.o
                                                  fs/vfs.o
strlen                                            lib/libc.o
                                                  drivers/bootargs.o
syscall_exec                                      proc/syscall.o
syscall_exit                                      proc/syscall.o
syscall_handle                                    proc/syscall.o
                                                  proc/exception.o
syscall_join                                      proc/syscall.o
syscall_read                                      proc/syscall.o
syscall_write                                     proc/syscall.o
tfs_close                                         fs/tfs.o
tfs_create                                        fs/tfs.o
tfs_getfree                                       fs/tfs.o
tfs_init                                          fs/tfs.o
                                                  fs/filesystems.o
tfs_open                                          fs/tfs.o
tfs_read                                          fs/tfs.o
tfs_remove                                        fs/tfs.o
tfs_unmount                                       fs/tfs.o
tfs_write                                         fs/tfs.o
thread_create                                     kernel/thread.o
                                                  net/pop.o
                                                  net/network.o
                                                  proc/process.o
                                                  init/main.o
thread_finish                                     kernel/thread.o
                                                  proc/process.o
thread_get_current_thread                         kernel/thread.o
                                                  proc/process.o
                                                  kernel/semaphore.o
                                                  kernel/sleepq.o
thread_get_current_thread_entry                   kernel/thread.o
                                                  proc/process.o
                                                  proc/exception.o
                                                  kernel/interrupt.o
thread_goto_userland                              kernel/thread.o
                                                  proc/process.o
thread_run                                        kernel/thread.o
                                                  net/pop.o
                                                  net/network.o
                                                  proc/process.o
                                                  init/main.o
thread_stack_areas                                kernel/thread.o
thread_switch                                     kernel/thread.o
                                                  proc/process.o
                                                  drivers/tty.o
                                                  kernel/semaphore.o
                                                  init/main.o
thread_table                                      kernel/sleepq.o
                                                  kernel/scheduler.o
                                                  kernel/thread.o
                                                  kernel/cswitch.o
thread_table_init                                 kernel/thread.o
                                                  init/main.o
thread_table_slock                                kernel/sleepq.o
                                                  kernel/scheduler.o
                                                  kernel/thread.o
timer_set_ticks                                   drivers/timer.o
                                                  kernel/scheduler.o
tlb_fill                                          vm/tlb.o
                                                  proc/process.o
                                                  kernel/interrupt.o
tlb_load_exception                                vm/tlb.o
tlb_modified_exception                            vm/tlb.o
tlb_store_exception                               vm/tlb.o
tty_init                                          drivers/tty.o
                                                  drivers/drivers.o
tty_interrupt_handle                              drivers/tty.o
user_exception_handle                             proc/exception.o
                                                  kernel/cswitch.o
vfs_close                                         fs/vfs.o
vfs_create                                        fs/vfs.o
vfs_deinit                                        fs/vfs.o
                                                  kernel/halt.o
vfs_getfree                                       fs/vfs.o
vfs_init                                          fs/vfs.o
                                                  init/main.o
vfs_mount                                         fs/vfs.o
vfs_mount_all                                     fs/vfs.o
                                                  init/main.o
vfs_mount_fs                                      fs/vfs.o
vfs_open                                          fs/vfs.o
                                                  proc/process.o
vfs_read                                          fs/vfs.o
                                                  proc/process.o
                                                  proc/elf.o
vfs_remove                                        fs/vfs.o
vfs_seek                                          fs/vfs.o
                                                  proc/process.o
                                                  proc/elf.o
vfs_unmount                                       fs/vfs.o
vfs_write                                         fs/vfs.o
vm_create_pagetable                               vm/vm.o
                                                  proc/process.o
vm_destroy_pagetable                              vm/vm.o
                                                  proc/process.o
vm_init                                           vm/vm.o
                                                  init/main.o
vm_map                                            vm/vm.o
                                                  proc/process.o
vm_set_dirty                                      vm/vm.o
                                                  proc/process.o
vm_unmap                                          vm/vm.o
vsnprintf                                         lib/xprintf.o
