
Allocating common symbols
Common symbol       size              file

interrupt_stacks    0x10              kernel/interrupt.o
thread_table        0x800             kernel/thread.o
open_sockets        0x700             net/socket.o
open_sockets_sem    0x4               net/socket.o
scheduler_current_thread
                    0x10              kernel/scheduler.o
process_table       0x280             proc/process.o
thread_stack_areas  0x20000           kernel/thread.o
thread_table_slock  0x4               kernel/thread.o
network_interfaces  0x30              net/network.o

Discarded input sections

 .reginfo       0x0000000000000000       0x18 kernel/cswitch.o
 .reginfo       0x0000000000000000       0x18 kernel/_interrupt.o
 .reginfo       0x0000000000000000       0x18 kernel/_spinlock.o
 .reginfo       0x0000000000000000       0x18 kernel/idle.o
 .reginfo       0x0000000000000000       0x18 lib/rand.o
 .reginfo       0x0000000000000000       0x18 drivers/_timer.o
 .reginfo       0x0000000000000000       0x18 vm/_tlb.o
 .reginfo       0x0000000000000000       0x18 init/main.o
 .reginfo       0x0000000000000000       0x18 kernel/panic.o
 .reginfo       0x0000000000000000       0x18 kernel/kmalloc.o
 .reginfo       0x0000000000000000       0x18 kernel/interrupt.o
 .reginfo       0x0000000000000000       0x18 kernel/thread.o
 .reginfo       0x0000000000000000       0x18 kernel/scheduler.o
 .reginfo       0x0000000000000000       0x18 kernel/sleepq.o
 .reginfo       0x0000000000000000       0x18 kernel/semaphore.o
 .reginfo       0x0000000000000000       0x18 kernel/exception.o
 .reginfo       0x0000000000000000       0x18 kernel/halt.o
 .reginfo       0x0000000000000000       0x18 lib/libc.o
 .reginfo       0x0000000000000000       0x18 lib/xprintf.o
 .reginfo       0x0000000000000000       0x18 lib/bitmap.o
 .reginfo       0x0000000000000000       0x18 lib/debug.o
 .reginfo       0x0000000000000000       0x18 drivers/polltty.o
 .reginfo       0x0000000000000000       0x18 drivers/timer.o
 .reginfo       0x0000000000000000       0x18 drivers/bootargs.o
 .reginfo       0x0000000000000000       0x18 drivers/device.o
 .reginfo       0x0000000000000000       0x18 drivers/drivers.o
 .reginfo       0x0000000000000000       0x18 drivers/tty.o
 .reginfo       0x0000000000000000       0x18 drivers/disk.o
 .reginfo       0x0000000000000000       0x18 drivers/disksched.o
 .reginfo       0x0000000000000000       0x18 drivers/metadev.o
 .reginfo       0x0000000000000000       0x18 proc/exception.o
 .reginfo       0x0000000000000000       0x18 proc/elf.o
 .reginfo       0x0000000000000000       0x18 proc/process.o
 .reginfo       0x0000000000000000       0x18 proc/syscall.o
 .reginfo       0x0000000000000000       0x18 vm/vm.o
 .reginfo       0x0000000000000000       0x18 vm/pagepool.o
 .reginfo       0x0000000000000000       0x18 vm/tlb.o
 .reginfo       0x0000000000000000       0x18 fs/vfs.o
 .reginfo       0x0000000000000000       0x18 fs/tfs.o
 .reginfo       0x0000000000000000       0x18 fs/filesystems.o
 .reginfo       0x0000000000000000       0x18 net/network.o
 .reginfo       0x0000000000000000       0x18 net/protocols.o
 .reginfo       0x0000000000000000       0x18 net/socket.o
 .reginfo       0x0000000000000000       0x18 net/pop.o

Memory Configuration

Name             Origin             Length             Attributes
*default*        0x0000000000000000 0xffffffffffffffff

Linker script and memory map

                0x0000000080010000                . = 0x80010000

.text           0x0000000080010000     0x9978
 *(.text)
 .text          0x0000000080010000       0x60 init/_boot.o
                0x0000000080010000                _start
 .text          0x0000000080010060      0x350 kernel/cswitch.o
                0x0000000080010060                _cswitch_vector_code
                0x0000000080010080                _cswitch_switch
                0x0000000080010388                _cswitch_to_userland
 .text          0x00000000800103b0      0x120 kernel/_interrupt.o
                0x00000000800103b0                _interrupt_disable
                0x00000000800103cc                _interrupt_enable
                0x00000000800103e4                _interrupt_set_state
                0x0000000080010408                _interrupt_get_state
                0x0000000080010414                _interrupt_generate_sw0
                0x000000008001042c                _interrupt_clear_sw
                0x0000000080010444                _interrupt_clear_sw0
                0x000000008001045c                _interrupt_clear_sw1
                0x0000000080010474                _interrupt_clear_bootstrap
                0x0000000080010490                _interrupt_getcpu
                0x00000000800104a0                _interrupt_clear_EXL
                0x00000000800104b8                _interrupt_set_EXL
 .text          0x00000000800104d0       0x30 kernel/_spinlock.o
                0x00000000800104d0                spinlock_reset
                0x00000000800104d0                spinlock_release
                0x00000000800104dc                spinlock_acquire
 .text          0x0000000080010500        0xc kernel/idle.o
                0x0000000080010500                _idle_thread_wait_loop
 .text          0x000000008001050c       0x4c lib/rand.o
                0x000000008001050c                _set_rand_seed
                0x000000008001051c                _get_rand
 .text          0x0000000080010558       0x14 drivers/_timer.o
                0x0000000080010558                _timer_set_ticks
 .text          0x000000008001056c      0x15c vm/_tlb.o
                0x000000008001056c                _tlb_get_exception_state
                0x0000000080010590                _tlb_set_asid
                0x00000000800105b0                _tlb_get_maxindex
                0x00000000800105c4                _tlb_probe
                0x00000000800105dc                _tlb_read
                0x0000000080010640                _tlb_write
                0x00000000800106a4                _tlb_write_random
 .text          0x00000000800106c8      0x490 init/main.o
                0x00000000800106c8                init_startup_fallback
                0x0000000080010880                init_startup_thread
                0x0000000080010934                init
 .text          0x0000000080010b58       0x68 kernel/panic.o
                0x0000000080010b58                _kernel_panic
 .text          0x0000000080010bc0      0x258 kernel/kmalloc.o
                0x0000000080010bc0                kmalloc_get_numpages
                0x0000000080010c44                kmalloc_get_reserved_pages
                0x0000000080010c6c                kmalloc_disable
                0x0000000080010c7c                kmalloc_init
                0x0000000080010cf4                kmalloc
 .text          0x0000000080010e18      0x338 kernel/interrupt.o
                0x0000000080010e18                interrupt_init
                0x0000000080010f38                interrupt_register
                0x0000000080011008                interrupt_handle
 .text          0x0000000080011150      0x40c kernel/thread.o
                0x0000000080011150                thread_table_init
                0x00000000800111f0                thread_create
                0x0000000080011390                thread_run
                0x0000000080011398                thread_switch
                0x00000000800113c4                thread_get_current_thread
                0x0000000080011414                thread_finish
                0x00000000800114c8                thread_get_current_thread_entry
                0x0000000080011524                thread_goto_userland
 .text          0x000000008001155c      0x328 kernel/scheduler.o
                0x000000008001155c                scheduler_init
                0x0000000080011578                scheduler_add_to_ready_list
                0x0000000080011664                scheduler_add_ready
                0x00000000800116d4                scheduler_schedule
 .text          0x0000000080011884      0x48c kernel/sleepq.o
                0x0000000080011884                sleepq_init
                0x00000000800118b0                sleepq_add
                0x0000000080011a08                sleepq_wake
                0x0000000080011b78                sleepq_wake_all
 .text          0x0000000080011d10      0x2a4 kernel/semaphore.o
                0x0000000080011d10                semaphore_init
                0x0000000080011d58                semaphore_create
                0x0000000080011ea0                semaphore_destroy
                0x0000000080011eac                semaphore_P
                0x0000000080011f34                semaphore_V
 .text          0x0000000080011fb4      0x290 kernel/exception.o
                0x0000000080011fec                kernel_exception_handle
 .text          0x0000000080012244       0x3c kernel/halt.o
                0x0000000080012244                halt_kernel
 .text          0x0000000080012280      0x3d4 lib/libc.o
                0x0000000080012280                kwrite
                0x00000000800122c8                kread
                0x000000008001233c                stringcmp
                0x00000000800123a4                stringcopy
                0x0000000080012440                memcopy
                0x000000008001250c                memoryset
                0x0000000080012534                atoi
                0x0000000080012618                strlen
 .text          0x0000000080012654      0xa10 lib/xprintf.o
                0x0000000080012ef8                kvprintf
                0x0000000080012f80                kprintf
                0x0000000080013010                vsnprintf
                0x0000000080013034                snprintf
 .text          0x0000000080013064      0x3b8 lib/bitmap.o
                0x0000000080013064                bitmap_sizeof
                0x000000008001308c                bitmap_init
                0x0000000080013114                bitmap_get
                0x00000000800131e4                bitmap_set
                0x0000000080013304                bitmap_findnset
 .text          0x000000008001341c       0x44 lib/debug.o
                0x000000008001341c                DEBUG
 .text          0x0000000080013460       0xe8 drivers/polltty.o
                0x0000000080013460                polltty_init
                0x00000000800134c0                polltty_getchar
                0x0000000080013500                polltty_putchar
 .text          0x0000000080013548       0x34 drivers/timer.o
                0x0000000080013548                timer_set_ticks
 .text          0x000000008001357c      0x27c drivers/bootargs.o
                0x000000008001357c                bootargs_init
                0x0000000080013764                bootargs_get
 .text          0x00000000800137f8      0x1e4 drivers/device.o
                0x00000000800137f8                device_init
                0x000000008001397c                device_get
 .text          0x00000000800139dc        0x0 drivers/drivers.o
 .text          0x00000000800139dc      0x7c4 drivers/tty.o
                0x0000000080013d68                tty_interrupt_handle
                0x0000000080013fe0                tty_init
 .text          0x00000000800141a0      0x578 drivers/disk.o
                0x00000000800145ec                disk_init
 .text          0x0000000080014718       0x3c drivers/disksched.o
                0x0000000080014718                disksched_schedule
 .text          0x0000000080014754      0x484 drivers/metadev.o
                0x00000000800147e0                cpustatus_interrupt_handle
                0x000000008001486c                rtc_init
                0x00000000800148dc                rtc_get_msec
                0x00000000800148f4                rtc_get_clockspeed
                0x000000008001490c                meminfo_init
                0x000000008001497c                meminfo_get_pages
                0x0000000080014994                cpustatus_init
                0x0000000080014a34                cpustatus_count
                0x0000000080014a7c                cpustatus_generate_irq
                0x0000000080014afc                shutdown_init
                0x0000000080014b6c                shutdown
 .text          0x0000000080014bd8      0x234 proc/exception.o
                0x0000000080014bd8                user_exception_handle
 .text          0x0000000080014e0c      0x22c proc/elf.o
                0x0000000080014e0c                elf_parse_header
 .text          0x0000000080015038      0x89c proc/process.o
                0x0000000080015038                process_start
                0x00000000800155e8                process_init
                0x0000000080015650                findFreeBlock
                0x00000000800156ac                process_spawn
                0x000000008001575c                process_finish
                0x00000000800157bc                process_join
                0x0000000080015860                process_get_current_process
                0x0000000080015880                process_get_current_process_entry
                0x00000000800158b8                process_get_process_entry
 .text          0x00000000800158d4      0x264 proc/syscall.o
                0x00000000800158d4                syscall_write
                0x0000000080015908                syscall_read
                0x0000000080015964                syscall_exec
                0x000000008001596c                syscall_exit
                0x00000000800159a4                syscall_join
                0x00000000800159ac                syscall_handle
 .text          0x0000000080015b38      0x550 vm/vm.o
                0x0000000080015b38                vm_init
                0x0000000080015b54                vm_create_pagetable
                0x0000000080015ba0                vm_destroy_pagetable
                0x0000000080015bb0                vm_map
                0x0000000080015ee0                vm_unmap
                0x0000000080015ee8                vm_set_dirty
 .text          0x0000000080016088      0x278 vm/pagepool.o
                0x0000000080016088                pagepool_init
                0x000000008001615c                pagepool_get_phys_page
                0x0000000080016228                pagepool_free_phys_page
 .text          0x0000000080016300       0xd4 vm/tlb.o
                0x0000000080016300                tlb_modified_exception
                0x0000000080016318                tlb_load_exception
                0x0000000080016330                tlb_store_exception
                0x0000000080016348                tlb_fill
 .text          0x00000000800163d4     0x1150 fs/vfs.o
                0x0000000080016718                vfs_init
                0x0000000080016810                vfs_deinit
                0x000000008001697c                vfs_mount
                0x0000000080016b10                vfs_mount_fs
                0x0000000080016c10                vfs_mount_all
                0x0000000080016c98                vfs_unmount
                0x0000000080016e0c                vfs_open
                0x0000000080016fe8                vfs_close
                0x0000000080017078                vfs_seek
                0x000000008001711c                vfs_read
                0x00000000800171fc                vfs_write
                0x00000000800172dc                vfs_create
                0x00000000800173c8                vfs_remove
                0x0000000080017488                vfs_getfree
 .text          0x0000000080017524     0x103c fs/tfs.o
                0x0000000080017524                tfs_close
                0x000000008001752c                tfs_unmount
                0x0000000080017584                tfs_open
                0x000000008001768c                tfs_create
                0x00000000800179e8                tfs_remove
                0x0000000080017c74                tfs_read
                0x0000000080017f0c                tfs_write
                0x000000008001824c                tfs_getfree
                0x0000000080018320                tfs_init
 .text          0x0000000080018560       0xac fs/filesystems.o
                0x0000000080018560                filesystems_try_all
 .text          0x000000008001860c      0x5c4 net/network.o
                0x000000008001872c                network_init
                0x00000000800188a0                network_get_source_address
                0x00000000800188d8                network_get_broadcast_address
                0x00000000800188e0                network_get_loopback_address
                0x00000000800188e8                network_get_mtu
                0x00000000800189bc                network_send
                0x0000000080018bc0                network_free_frame
 .text          0x0000000080018bd0       0xc4 net/protocols.o
                0x0000000080018bd0                protocols_get_frame_handler
                0x0000000080018c38                protocols_init
 .text          0x0000000080018c94      0x358 net/socket.o
                0x0000000080018c94                socket_init
                0x0000000080018d54                socket_open
                0x0000000080018f3c                socket_close
 .text          0x0000000080018fec      0x98c net/pop.o
                0x00000000800192f4                socket_sendto
                0x00000000800194f0                socket_recvfrom
                0x0000000080019658                pop_init
                0x00000000800197ac                pop_push_frame

.rodata         0x0000000080019978     0x15c8
 *(.rodata .rodata.*)
 .rodata.str1.4
                0x0000000080019978      0x491 init/main.o
                                        0x498 (size before relaxing)
 *fill*         0x0000000080019e09        0x3 
 .rodata.str1.4
                0x0000000080019e0c       0x26 kernel/panic.o
                                         0x28 (size before relaxing)
 *fill*         0x0000000080019e32        0x2 
 .rodata.str1.4
                0x0000000080019e34      0x11f kernel/kmalloc.o
                                        0x120 (size before relaxing)
 *fill*         0x0000000080019f53        0x1 
 .rodata.str1.4
                0x0000000080019f54       0xca kernel/interrupt.o
                                         0xcc (size before relaxing)
 *fill*         0x000000008001a01e        0x2 
 .rodata.str1.4
                0x000000008001a020       0x6b kernel/thread.o
                                         0x80 (size before relaxing)
 *fill*         0x000000008001a08b        0x1 
 .rodata.str1.4
                0x000000008001a08c       0x13 kernel/scheduler.o
                                         0x28 (size before relaxing)
 *fill*         0x000000008001a09f        0x1 
 .rodata.str1.4
                0x000000008001a0a0       0x10 kernel/sleepq.o
                                         0x24 (size before relaxing)
 .rodata.str1.4
                0x000000008001a0b0       0x13 kernel/semaphore.o
                                         0x28 (size before relaxing)
 *fill*         0x000000008001a0c3        0x1 
 .rodata.str1.4
                0x000000008001a0c4      0x26a kernel/exception.o
                                        0x26c (size before relaxing)
 *fill*         0x000000008001a32e        0x2 
 .rodata        0x000000008001a330       0x38 kernel/exception.o
 .rodata.str1.4
                0x000000008001a368       0x54 kernel/halt.o
 .rodata        0x000000008001a3bc      0x10c lib/xprintf.o
 .rodata.str1.4
                0x000000008001a4c8       0x2c lib/bitmap.o
                                         0x40 (size before relaxing)
 .rodata.str1.4
                0x0000000000000000       0x2c drivers/bootargs.o
                                          0x4 (size before relaxing)
 .rodata.str1.4
                0x000000008001a4f4       0xaa drivers/device.o
                                         0xac (size before relaxing)
 *fill*         0x000000008001a59e        0x2 
 .rodata.str1.4
                0x000000008001a5a0       0x51 drivers/drivers.o
                                         0x54 (size before relaxing)
 *fill*         0x000000008001a5f1        0x3 
 .rodata.str1.4
                0x000000008001a5f4       0x8e drivers/tty.o
                                         0x90 (size before relaxing)
 *fill*         0x000000008001a682        0x2 
 .rodata.str1.4
                0x000000008001a684       0x93 drivers/disk.o
                                         0xa8 (size before relaxing)
 *fill*         0x000000008001a717        0x1 
 .rodata.str1.4
                0x000000008001a718      0x12c drivers/metadev.o
                                        0x140 (size before relaxing)
 .rodata.str1.4
                0x000000008001a844       0x11 proc/exception.o
                                        0x1d8 (size before relaxing)
 *fill*         0x000000008001a855        0x3 
 .rodata        0x000000008001a858       0x38 proc/exception.o
 .rodata.str1.4
                0x000000008001a890       0x2d proc/process.o
                                         0x44 (size before relaxing)
 *fill*         0x000000008001a8bd        0x3 
 .rodata.str1.4
                0x000000008001a8c0       0x2b proc/syscall.o
                                         0x2c (size before relaxing)
 *fill*         0x000000008001a8eb        0x1 
 .rodata.str1.4
                0x000000008001a8ec      0x100 vm/vm.o
                                        0x114 (size before relaxing)
 .rodata.str1.4
                0x000000008001a9ec       0x6a vm/pagepool.o
                                         0x80 (size before relaxing)
 *fill*         0x000000008001aa56        0x2 
 .rodata.str1.4
                0x000000008001aa58       0x6e vm/tlb.o
                                         0x84 (size before relaxing)
 *fill*         0x000000008001aac6        0x2 
 .rodata.str1.4
                0x000000008001aac8      0x2d1 fs/vfs.o
                                        0x2e8 (size before relaxing)
 *fill*         0x000000008001ad99        0x3 
 .rodata.str1.4
                0x000000008001ad9c       0x92 fs/tfs.o
                                         0x94 (size before relaxing)
 *fill*         0x000000008001ae2e        0x2 
 .rodata.str1.4
                0x000000008001ae30       0x2c fs/filesystems.o
 .rodata.str1.4
                0x000000008001ae5c       0x4e net/network.o
                                         0x64 (size before relaxing)
 *fill*         0x000000008001aeaa        0x2 
 .rodata.str1.4
                0x000000008001aeac       0x3a net/socket.o
                                         0x50 (size before relaxing)
 *fill*         0x000000008001aee6        0x2 
 .rodata.str1.4
                0x000000008001aee8       0x58 net/pop.o
                                         0x6c (size before relaxing)

.rel.dyn        0x000000008001af40        0x0
 .rel.dyn       0x0000000000000000        0x0 drivers/drivers.o

.data           0x000000008001af40       0x90
 *(.data)
 .data          0x000000008001af40        0x0 init/_boot.o
 .data          0x000000008001af40        0x0 kernel/cswitch.o
 .data          0x000000008001af40        0x0 kernel/_interrupt.o
 .data          0x000000008001af40        0x0 kernel/_spinlock.o
 .data          0x000000008001af40        0x0 kernel/idle.o
 .data          0x000000008001af40        0xc lib/rand.o
 .data          0x000000008001af4c        0x0 drivers/_timer.o
 .data          0x000000008001af4c        0x0 vm/_tlb.o
 .data          0x000000008001af4c        0x0 init/main.o
 .data          0x000000008001af4c        0x0 kernel/panic.o
 .data          0x000000008001af4c        0x0 kernel/kmalloc.o
 .data          0x000000008001af4c        0x0 kernel/interrupt.o
 .data          0x000000008001af4c        0x0 kernel/thread.o
 .data          0x000000008001af4c        0x8 kernel/scheduler.o
 .data          0x000000008001af54        0x0 kernel/sleepq.o
 .data          0x000000008001af54        0x0 kernel/semaphore.o
 .data          0x000000008001af54        0x0 kernel/exception.o
 .data          0x000000008001af54        0x0 kernel/halt.o
 .data          0x000000008001af54        0x0 lib/libc.o
 .data          0x000000008001af54        0x0 lib/xprintf.o
 .data          0x000000008001af54        0x0 lib/bitmap.o
 .data          0x000000008001af54        0x0 lib/debug.o
 .data          0x000000008001af54        0x0 drivers/polltty.o
 .data          0x000000008001af54        0x0 drivers/timer.o
 .data          0x000000008001af54        0x0 drivers/bootargs.o
 .data          0x000000008001af54        0x0 drivers/device.o
 .data          0x000000008001af54       0x54 drivers/drivers.o
                0x000000008001af54                drivers_available
 .data          0x000000008001afa8        0x0 drivers/tty.o
 .data          0x000000008001afa8        0x0 drivers/disk.o
 .data          0x000000008001afa8        0x0 drivers/disksched.o
 .data          0x000000008001afa8        0x0 drivers/metadev.o
 .data          0x000000008001afa8        0x0 proc/exception.o
 .data          0x000000008001afa8        0x0 proc/elf.o
 .data          0x000000008001afa8        0x0 proc/process.o
 .data          0x000000008001afa8        0x0 proc/syscall.o
 .data          0x000000008001afa8        0x0 vm/vm.o
 .data          0x000000008001afa8        0x0 vm/pagepool.o
 .data          0x000000008001afa8        0x0 vm/tlb.o
 .data          0x000000008001afa8        0x0 fs/vfs.o
 .data          0x000000008001afa8        0x0 fs/tfs.o
 .data          0x000000008001afa8       0x10 fs/filesystems.o
 .data          0x000000008001afb8        0x0 net/network.o
 .data          0x000000008001afb8       0x18 net/protocols.o
                0x000000008001afb8                network_protocols
 .data          0x000000008001afd0        0x0 net/socket.o
 .data          0x000000008001afd0        0x0 net/pop.o

.bss            0x000000008001afd0    0x23eb0
 *(.bss COMMON)
 .bss           0x000000008001afd0        0x0 init/_boot.o
 .bss           0x000000008001afd0        0x0 kernel/cswitch.o
 .bss           0x000000008001afd0        0x0 kernel/_interrupt.o
 .bss           0x000000008001afd0        0x0 kernel/_spinlock.o
 .bss           0x000000008001afd0        0x0 kernel/idle.o
 .bss           0x000000008001afd0        0x0 lib/rand.o
 .bss           0x000000008001afd0        0x0 drivers/_timer.o
 .bss           0x000000008001afd0        0x0 vm/_tlb.o
 .bss           0x000000008001afd0        0x4 init/main.o
                0x000000008001afd0                kernel_bootstrap_finished
 .bss           0x000000008001afd4        0x0 kernel/panic.o
 .bss           0x000000008001afd4        0x8 kernel/kmalloc.o
 .bss           0x000000008001afdc      0x600 kernel/interrupt.o
 COMMON         0x000000008001b5dc       0x10 kernel/interrupt.o
                0x000000008001b5dc                interrupt_stacks
 .bss           0x000000008001b5ec        0x4 kernel/thread.o
 COMMON         0x000000008001b5f0    0x20804 kernel/thread.o
                0x000000008001b5f0                thread_table
                0x000000008001bdf0                thread_stack_areas
                0x000000008003bdf0                thread_table_slock
 .bss           0x000000008003bdf4        0x0 kernel/scheduler.o
 COMMON         0x000000008003bdf4       0x10 kernel/scheduler.o
                0x000000008003bdf4                scheduler_current_thread
 .bss           0x000000008003be04      0x200 kernel/sleepq.o
 .bss           0x000000008003c004      0x608 kernel/semaphore.o
 .bss           0x000000008003c60c        0x0 kernel/exception.o
 .bss           0x000000008003c60c        0x0 kernel/halt.o
 .bss           0x000000008003c60c        0x0 lib/libc.o
 .bss           0x000000008003c60c        0x4 lib/xprintf.o
                0x000000008003c60c                kprintf_slock
 .bss           0x000000008003c610        0x0 lib/bitmap.o
 .bss           0x000000008003c610        0x0 lib/debug.o
 .bss           0x000000008003c610        0x4 drivers/polltty.o
 .bss           0x000000008003c614        0x0 drivers/timer.o
 .bss           0x000000008003c614      0x100 drivers/bootargs.o
 .bss           0x000000008003c714      0x204 drivers/device.o
 .bss           0x000000008003c918        0x0 drivers/drivers.o
 .bss           0x000000008003c918        0x4 drivers/tty.o
 .bss           0x000000008003c91c        0x0 drivers/disk.o
 .bss           0x000000008003c91c        0x0 drivers/disksched.o
 .bss           0x000000008003c91c       0x48 drivers/metadev.o
 .bss           0x000000008003c964        0x0 proc/exception.o
 .bss           0x000000008003c964        0x0 proc/elf.o
 .bss           0x000000008003c964        0x0 proc/process.o
 COMMON         0x000000008003c964      0x280 proc/process.o
                0x000000008003c964                process_table
 .bss           0x000000008003cbe4        0x0 proc/syscall.o
 .bss           0x000000008003cbe4        0x0 vm/vm.o
 .bss           0x000000008003cbe4       0x14 vm/pagepool.o
 .bss           0x000000008003cbf8        0x0 vm/tlb.o
 .bss           0x000000008003cbf8     0x18b8 fs/vfs.o
 .bss           0x000000008003e4b0        0x0 fs/tfs.o
 .bss           0x000000008003e4b0        0x0 fs/filesystems.o
 .bss           0x000000008003e4b0        0x0 net/network.o
 COMMON         0x000000008003e4b0       0x30 net/network.o
                0x000000008003e4b0                network_interfaces
 .bss           0x000000008003e4e0        0x0 net/protocols.o
 .bss           0x000000008003e4e0        0x4 net/socket.o
 COMMON         0x000000008003e4e4      0x704 net/socket.o
                0x000000008003e4e4                open_sockets
                0x000000008003ebe4                open_sockets_sem
 .bss           0x000000008003ebe8      0x298 net/pop.o
                0x000000008003ee80                KERNEL_ENDS_HERE = .
LOAD init/_boot.o
LOAD kernel/cswitch.o
LOAD kernel/_interrupt.o
LOAD kernel/_spinlock.o
LOAD kernel/idle.o
LOAD lib/rand.o
LOAD drivers/_timer.o
LOAD vm/_tlb.o
LOAD init/main.o
LOAD kernel/panic.o
LOAD kernel/kmalloc.o
LOAD kernel/interrupt.o
LOAD kernel/thread.o
LOAD kernel/scheduler.o
LOAD kernel/sleepq.o
LOAD kernel/semaphore.o
LOAD kernel/exception.o
LOAD kernel/halt.o
LOAD lib/libc.o
LOAD lib/xprintf.o
LOAD lib/bitmap.o
LOAD lib/debug.o
LOAD drivers/polltty.o
LOAD drivers/timer.o
LOAD drivers/bootargs.o
LOAD drivers/device.o
LOAD drivers/drivers.o
LOAD drivers/tty.o
LOAD drivers/disk.o
LOAD drivers/disksched.o
LOAD drivers/metadev.o
LOAD proc/exception.o
LOAD proc/elf.o
LOAD proc/process.o
LOAD proc/syscall.o
LOAD vm/vm.o
LOAD vm/pagepool.o
LOAD vm/tlb.o
LOAD fs/vfs.o
LOAD fs/tfs.o
LOAD fs/filesystems.o
LOAD net/network.o
LOAD net/protocols.o
LOAD net/socket.o
LOAD net/pop.o
OUTPUT(buenos elf32-bigmips)

.reginfo        0x0000000000000000       0x18
 .reginfo       0x0000000000000000       0x18 init/_boot.o

.pdr            0x0000000000000000     0x1900
 .pdr           0x0000000000000000       0x40 init/_boot.o
 .pdr           0x0000000000000040       0xa0 kernel/cswitch.o
 .pdr           0x00000000000000e0      0x180 kernel/_interrupt.o
 .pdr           0x0000000000000260       0x40 kernel/_spinlock.o
 .pdr           0x00000000000002a0       0x20 kernel/idle.o
 .pdr           0x00000000000002c0       0x40 lib/rand.o
 .pdr           0x0000000000000300       0x20 drivers/_timer.o
 .pdr           0x0000000000000320       0xe0 vm/_tlb.o
 .pdr           0x0000000000000400       0x60 init/main.o
 .pdr           0x0000000000000460       0x20 kernel/panic.o
 .pdr           0x0000000000000480       0xa0 kernel/kmalloc.o
 .pdr           0x0000000000000520       0x60 kernel/interrupt.o
 .pdr           0x0000000000000580      0x100 kernel/thread.o
 .pdr           0x0000000000000680       0x80 kernel/scheduler.o
 .pdr           0x0000000000000700       0x80 kernel/sleepq.o
 .pdr           0x0000000000000780       0xa0 kernel/semaphore.o
 .pdr           0x0000000000000820       0x40 kernel/exception.o
 .pdr           0x0000000000000860       0x20 kernel/halt.o
 .pdr           0x0000000000000880      0x100 lib/libc.o
 .pdr           0x0000000000000980       0xe0 lib/xprintf.o
 .pdr           0x0000000000000a60       0xa0 lib/bitmap.o
 .pdr           0x0000000000000b00       0x20 lib/debug.o
 .pdr           0x0000000000000b20       0x60 drivers/polltty.o
 .pdr           0x0000000000000b80       0x20 drivers/timer.o
 .pdr           0x0000000000000ba0       0x40 drivers/bootargs.o
 .pdr           0x0000000000000be0       0x40 drivers/device.o
 .pdr           0x0000000000000c20        0x0 drivers/drivers.o
 .pdr           0x0000000000000c20       0x80 drivers/tty.o
 .pdr           0x0000000000000ca0      0x100 drivers/disk.o
 .pdr           0x0000000000000da0       0x20 drivers/disksched.o
 .pdr           0x0000000000000dc0      0x180 drivers/metadev.o
 .pdr           0x0000000000000f40       0x20 proc/exception.o
 .pdr           0x0000000000000f60       0x20 proc/elf.o
 .pdr           0x0000000000000f80      0x120 proc/process.o
 .pdr           0x00000000000010a0       0xc0 proc/syscall.o
 .pdr           0x0000000000001160       0xc0 vm/vm.o
 .pdr           0x0000000000001220       0x60 vm/pagepool.o
 .pdr           0x0000000000001280       0x80 vm/tlb.o
 .pdr           0x0000000000001300      0x260 fs/vfs.o
 .pdr           0x0000000000001560      0x120 fs/tfs.o
 .pdr           0x0000000000001680       0x20 fs/filesystems.o
 .pdr           0x00000000000016a0      0x120 net/network.o
 .pdr           0x00000000000017c0       0x40 net/protocols.o
 .pdr           0x0000000000001800       0x60 net/socket.o
 .pdr           0x0000000000001860       0xa0 net/pop.o

.mdebug.abi32   0x0000000000000000        0x0
 .mdebug.abi32  0x0000000000000000        0x0 init/main.o
 .mdebug.abi32  0x0000000000000000        0x0 kernel/panic.o
 .mdebug.abi32  0x0000000000000000        0x0 kernel/kmalloc.o
 .mdebug.abi32  0x0000000000000000        0x0 kernel/interrupt.o
 .mdebug.abi32  0x0000000000000000        0x0 kernel/thread.o
 .mdebug.abi32  0x0000000000000000        0x0 kernel/scheduler.o
 .mdebug.abi32  0x0000000000000000        0x0 kernel/sleepq.o
 .mdebug.abi32  0x0000000000000000        0x0 kernel/semaphore.o
 .mdebug.abi32  0x0000000000000000        0x0 kernel/exception.o
 .mdebug.abi32  0x0000000000000000        0x0 kernel/halt.o
 .mdebug.abi32  0x0000000000000000        0x0 lib/libc.o
 .mdebug.abi32  0x0000000000000000        0x0 lib/xprintf.o
 .mdebug.abi32  0x0000000000000000        0x0 lib/bitmap.o
 .mdebug.abi32  0x0000000000000000        0x0 lib/debug.o
 .mdebug.abi32  0x0000000000000000        0x0 drivers/polltty.o
 .mdebug.abi32  0x0000000000000000        0x0 drivers/timer.o
 .mdebug.abi32  0x0000000000000000        0x0 drivers/bootargs.o
 .mdebug.abi32  0x0000000000000000        0x0 drivers/device.o
 .mdebug.abi32  0x0000000000000000        0x0 drivers/drivers.o
 .mdebug.abi32  0x0000000000000000        0x0 drivers/tty.o
 .mdebug.abi32  0x0000000000000000        0x0 drivers/disk.o
 .mdebug.abi32  0x0000000000000000        0x0 drivers/disksched.o
 .mdebug.abi32  0x0000000000000000        0x0 drivers/metadev.o
 .mdebug.abi32  0x0000000000000000        0x0 proc/exception.o
 .mdebug.abi32  0x0000000000000000        0x0 proc/elf.o
 .mdebug.abi32  0x0000000000000000        0x0 proc/process.o
 .mdebug.abi32  0x0000000000000000        0x0 proc/syscall.o
 .mdebug.abi32  0x0000000000000000        0x0 vm/vm.o
 .mdebug.abi32  0x0000000000000000        0x0 vm/pagepool.o
 .mdebug.abi32  0x0000000000000000        0x0 vm/tlb.o
 .mdebug.abi32  0x0000000000000000        0x0 fs/vfs.o
 .mdebug.abi32  0x0000000000000000        0x0 fs/tfs.o
 .mdebug.abi32  0x0000000000000000        0x0 fs/filesystems.o
 .mdebug.abi32  0x0000000000000000        0x0 net/network.o
 .mdebug.abi32  0x0000000000000000        0x0 net/protocols.o
 .mdebug.abi32  0x0000000000000000        0x0 net/socket.o
 .mdebug.abi32  0x0000000000000000        0x0 net/pop.o

.comment        0x0000000000000000       0x11
 .comment       0x0000000000000000       0x11 init/main.o
                                         0x12 (size before relaxing)
 .comment       0x0000000000000000       0x12 kernel/panic.o
 .comment       0x0000000000000000       0x12 kernel/kmalloc.o
 .comment       0x0000000000000000       0x12 kernel/interrupt.o
 .comment       0x0000000000000000       0x12 kernel/thread.o
 .comment       0x0000000000000000       0x12 kernel/scheduler.o
 .comment       0x0000000000000000       0x12 kernel/sleepq.o
 .comment       0x0000000000000000       0x12 kernel/semaphore.o
 .comment       0x0000000000000000       0x12 kernel/exception.o
 .comment       0x0000000000000000       0x12 kernel/halt.o
 .comment       0x0000000000000000       0x12 lib/libc.o
 .comment       0x0000000000000000       0x12 lib/xprintf.o
 .comment       0x0000000000000000       0x12 lib/bitmap.o
 .comment       0x0000000000000000       0x12 lib/debug.o
 .comment       0x0000000000000000       0x12 drivers/polltty.o
 .comment       0x0000000000000000       0x12 drivers/timer.o
 .comment       0x0000000000000000       0x12 drivers/bootargs.o
 .comment       0x0000000000000000       0x12 drivers/device.o
 .comment       0x0000000000000000       0x12 drivers/drivers.o
 .comment       0x0000000000000000       0x12 drivers/tty.o
 .comment       0x0000000000000000       0x12 drivers/disk.o
 .comment       0x0000000000000000       0x12 drivers/disksched.o
 .comment       0x0000000000000000       0x12 drivers/metadev.o
 .comment       0x0000000000000000       0x12 proc/exception.o
 .comment       0x0000000000000000       0x12 proc/elf.o
 .comment       0x0000000000000000       0x12 proc/process.o
 .comment       0x0000000000000000       0x12 proc/syscall.o
 .comment       0x0000000000000000       0x12 vm/vm.o
 .comment       0x0000000000000000       0x12 vm/pagepool.o
 .comment       0x0000000000000000       0x12 vm/tlb.o
 .comment       0x0000000000000000       0x12 fs/vfs.o
 .comment       0x0000000000000000       0x12 fs/tfs.o
 .comment       0x0000000000000000       0x12 fs/filesystems.o
 .comment       0x0000000000000000       0x12 net/network.o
 .comment       0x0000000000000000       0x12 net/protocols.o
 .comment       0x0000000000000000       0x12 net/socket.o
 .comment       0x0000000000000000       0x12 net/pop.o

.gnu.attributes
                0x0000000000000000       0x10
 .gnu.attributes
                0x0000000000000000       0x10 init/main.o
 .gnu.attributes
                0x0000000000000010       0x10 kernel/panic.o
 .gnu.attributes
                0x0000000000000020       0x10 kernel/kmalloc.o
 .gnu.attributes
                0x0000000000000030       0x10 kernel/interrupt.o
 .gnu.attributes
                0x0000000000000040       0x10 kernel/thread.o
 .gnu.attributes
                0x0000000000000050       0x10 kernel/scheduler.o
 .gnu.attributes
                0x0000000000000060       0x10 kernel/sleepq.o
 .gnu.attributes
                0x0000000000000070       0x10 kernel/semaphore.o
 .gnu.attributes
                0x0000000000000080       0x10 kernel/exception.o
 .gnu.attributes
                0x0000000000000090       0x10 kernel/halt.o
 .gnu.attributes
                0x00000000000000a0       0x10 lib/libc.o
 .gnu.attributes
                0x00000000000000b0       0x10 lib/xprintf.o
 .gnu.attributes
                0x00000000000000c0       0x10 lib/bitmap.o
 .gnu.attributes
                0x00000000000000d0       0x10 lib/debug.o
 .gnu.attributes
                0x00000000000000e0       0x10 drivers/polltty.o
 .gnu.attributes
                0x00000000000000f0       0x10 drivers/timer.o
 .gnu.attributes
                0x0000000000000100       0x10 drivers/bootargs.o
 .gnu.attributes
                0x0000000000000110       0x10 drivers/device.o
 .gnu.attributes
                0x0000000000000120       0x10 drivers/drivers.o
 .gnu.attributes
                0x0000000000000130       0x10 drivers/tty.o
 .gnu.attributes
                0x0000000000000140       0x10 drivers/disk.o
 .gnu.attributes
                0x0000000000000150       0x10 drivers/disksched.o
 .gnu.attributes
                0x0000000000000160       0x10 drivers/metadev.o
 .gnu.attributes
                0x0000000000000170       0x10 proc/exception.o
 .gnu.attributes
                0x0000000000000180       0x10 proc/elf.o
 .gnu.attributes
                0x0000000000000190       0x10 proc/process.o
 .gnu.attributes
                0x00000000000001a0       0x10 proc/syscall.o
 .gnu.attributes
                0x00000000000001b0       0x10 vm/vm.o
 .gnu.attributes
                0x00000000000001c0       0x10 vm/pagepool.o
 .gnu.attributes
                0x00000000000001d0       0x10 vm/tlb.o
 .gnu.attributes
                0x00000000000001e0       0x10 fs/vfs.o
 .gnu.attributes
                0x00000000000001f0       0x10 fs/tfs.o
 .gnu.attributes
                0x0000000000000200       0x10 fs/filesystems.o
 .gnu.attributes
                0x0000000000000210       0x10 net/network.o
 .gnu.attributes
                0x0000000000000220       0x10 net/protocols.o
 .gnu.attributes
                0x0000000000000230       0x10 net/socket.o
 .gnu.attributes
                0x0000000000000240       0x10 net/pop.o

.stab           0x0000000000000000     0x1560
 .stab          0x0000000000000000       0xfc init/_boot.o
 .stab          0x00000000000000fc      0x9d8 kernel/cswitch.o
                                        0x9e4 (size before relaxing)
 .stab          0x0000000000000ad4      0x3f0 kernel/_interrupt.o
                                        0x3fc (size before relaxing)
 .stab          0x0000000000000ec4       0xb4 kernel/_spinlock.o
                                         0xc0 (size before relaxing)
 .stab          0x0000000000000f78       0x54 kernel/idle.o
                                         0x60 (size before relaxing)
 .stab          0x0000000000000fcc       0xe4 lib/rand.o
                                         0xf0 (size before relaxing)
 .stab          0x00000000000010b0       0x6c drivers/_timer.o
                                         0x78 (size before relaxing)
 .stab          0x000000000000111c      0x444 vm/_tlb.o
                                        0x450 (size before relaxing)

.stabstr        0x0000000000000000      0x3a9
 .stabstr       0x0000000000000000      0x3a9 init/_boot.o

.debug_info     0x0000000000000000     0xd8e2
 .debug_info    0x0000000000000000      0xab6 init/main.o
 .debug_info    0x0000000000000ab6      0x16e kernel/panic.o
 .debug_info    0x0000000000000c24      0x33d kernel/kmalloc.o
 .debug_info    0x0000000000000f61      0x725 kernel/interrupt.o
 .debug_info    0x0000000000001686      0x7ca kernel/thread.o
 .debug_info    0x0000000000001e50      0x622 kernel/scheduler.o
 .debug_info    0x0000000000002472      0x71f kernel/sleepq.o
 .debug_info    0x0000000000002b91      0x463 kernel/semaphore.o
 .debug_info    0x0000000000002ff4      0x42f kernel/exception.o
 .debug_info    0x0000000000003423      0x10c kernel/halt.o
 .debug_info    0x000000000000352f      0x349 lib/libc.o
 .debug_info    0x0000000000003878      0xa5e lib/xprintf.o
 .debug_info    0x00000000000042d6      0x332 lib/bitmap.o
 .debug_info    0x0000000000004608      0x135 lib/debug.o
 .debug_info    0x000000000000473d      0x1aa drivers/polltty.o
 .debug_info    0x00000000000048e7       0xfe drivers/timer.o
 .debug_info    0x00000000000049e5      0x22b drivers/bootargs.o
 .debug_info    0x0000000000004c10      0x325 drivers/device.o
 .debug_info    0x0000000000004f35      0x1c2 drivers/drivers.o
 .debug_info    0x00000000000050f7      0x7c7 drivers/tty.o
 .debug_info    0x00000000000058be      0xaac drivers/disk.o
 .debug_info    0x000000000000636a      0x1b1 drivers/disksched.o
 .debug_info    0x000000000000651b      0x791 drivers/metadev.o
 .debug_info    0x0000000000006cac      0x5cf proc/exception.o
 .debug_info    0x000000000000727b      0x3d0 proc/elf.o
 .debug_info    0x000000000000764b      0xe40 proc/process.o
 .debug_info    0x000000000000848b      0x5fe proc/syscall.o
 .debug_info    0x0000000000008a89      0x49b vm/vm.o
 .debug_info    0x0000000000008f24      0x49f vm/pagepool.o
 .debug_info    0x00000000000093c3      0x330 vm/tlb.o
 .debug_info    0x00000000000096f3     0x14b7 fs/vfs.o
 .debug_info    0x000000000000abaa      0xfa4 fs/tfs.o
 .debug_info    0x000000000000bb4e      0x501 fs/filesystems.o
 .debug_info    0x000000000000c04f      0x9de net/network.o
 .debug_info    0x000000000000ca2d      0x170 net/protocols.o
 .debug_info    0x000000000000cb9d      0x3cb net/socket.o
 .debug_info    0x000000000000cf68      0x97a net/pop.o

.debug_abbrev   0x0000000000000000     0x4172
 .debug_abbrev  0x0000000000000000      0x1e1 init/main.o
 .debug_abbrev  0x00000000000001e1       0xf6 kernel/panic.o
 .debug_abbrev  0x00000000000002d7      0x1be kernel/kmalloc.o
 .debug_abbrev  0x0000000000000495      0x231 kernel/interrupt.o
 .debug_abbrev  0x00000000000006c6      0x2ac kernel/thread.o
 .debug_abbrev  0x0000000000000972      0x225 kernel/scheduler.o
 .debug_abbrev  0x0000000000000b97      0x209 kernel/sleepq.o
 .debug_abbrev  0x0000000000000da0      0x1a6 kernel/semaphore.o
 .debug_abbrev  0x0000000000000f46      0x16a kernel/exception.o
 .debug_abbrev  0x00000000000010b0       0xd6 kernel/halt.o
 .debug_abbrev  0x0000000000001186      0x147 lib/libc.o
 .debug_abbrev  0x00000000000012cd      0x24a lib/xprintf.o
 .debug_abbrev  0x0000000000001517      0x160 lib/bitmap.o
 .debug_abbrev  0x0000000000001677       0xde lib/debug.o
 .debug_abbrev  0x0000000000001755       0xfb drivers/polltty.o
 .debug_abbrev  0x0000000000001850       0xc8 drivers/timer.o
 .debug_abbrev  0x0000000000001918      0x1ab drivers/bootargs.o
 .debug_abbrev  0x0000000000001ac3      0x1d2 drivers/device.o
 .debug_abbrev  0x0000000000001c95       0xaa drivers/drivers.o
 .debug_abbrev  0x0000000000001d3f      0x275 drivers/tty.o
 .debug_abbrev  0x0000000000001fb4      0x311 drivers/disk.o
 .debug_abbrev  0x00000000000022c5       0xd6 drivers/disksched.o
 .debug_abbrev  0x000000000000239b      0x254 drivers/metadev.o
 .debug_abbrev  0x00000000000025ef      0x1a0 proc/exception.o
 .debug_abbrev  0x000000000000278f      0x15c proc/elf.o
 .debug_abbrev  0x00000000000028eb      0x2f3 proc/process.o
 .debug_abbrev  0x0000000000002bde      0x21e proc/syscall.o
 .debug_abbrev  0x0000000000002dfc      0x1d4 vm/vm.o
 .debug_abbrev  0x0000000000002fd0      0x178 vm/pagepool.o
 .debug_abbrev  0x0000000000003148      0x16e vm/tlb.o
 .debug_abbrev  0x00000000000032b6      0x31e fs/vfs.o
 .debug_abbrev  0x00000000000035d4      0x269 fs/tfs.o
 .debug_abbrev  0x000000000000383d      0x154 fs/filesystems.o
 .debug_abbrev  0x0000000000003991      0x34d net/network.o
 .debug_abbrev  0x0000000000003cde       0xf3 net/protocols.o
 .debug_abbrev  0x0000000000003dd1      0x196 net/socket.o
 .debug_abbrev  0x0000000000003f67      0x20b net/pop.o

.debug_loc      0x0000000000000000     0x6f0d
 .debug_loc     0x0000000000000000       0xf7 init/main.o
 .debug_loc     0x00000000000000f7       0x97 kernel/panic.o
 .debug_loc     0x000000000000018e       0xed kernel/kmalloc.o
 .debug_loc     0x000000000000027b      0x23c kernel/interrupt.o
 .debug_loc     0x00000000000004b7      0x238 kernel/thread.o
 .debug_loc     0x00000000000006ef      0x186 kernel/scheduler.o
 .debug_loc     0x0000000000000875      0x317 kernel/sleepq.o
 .debug_loc     0x0000000000000b8c      0x228 kernel/semaphore.o
 .debug_loc     0x0000000000000db4       0x60 kernel/exception.o
 .debug_loc     0x0000000000000e14      0x5e9 lib/libc.o
 .debug_loc     0x00000000000013fd     0x136b lib/xprintf.o
 .debug_loc     0x0000000000002768      0x59e lib/bitmap.o
 .debug_loc     0x0000000000002d06       0x4d lib/debug.o
 .debug_loc     0x0000000000002d53       0x43 drivers/polltty.o
 .debug_loc     0x0000000000002d96       0x4a drivers/timer.o
 .debug_loc     0x0000000000002de0      0x24f drivers/bootargs.o
 .debug_loc     0x000000000000302f      0x123 drivers/device.o
 .debug_loc     0x0000000000003152      0x3ed drivers/tty.o
 .debug_loc     0x000000000000353f      0x4da drivers/disk.o
 .debug_loc     0x0000000000003a19      0x3bb drivers/metadev.o
 .debug_loc     0x0000000000003dd4       0x55 proc/exception.o
 .debug_loc     0x0000000000003e29       0xb8 proc/elf.o
 .debug_loc     0x0000000000003ee1      0x31e proc/process.o
 .debug_loc     0x00000000000041ff      0x338 proc/syscall.o
 .debug_loc     0x0000000000004537      0x2a7 vm/vm.o
 .debug_loc     0x00000000000047de      0x143 vm/pagepool.o
 .debug_loc     0x0000000000004921       0x42 vm/tlb.o
 .debug_loc     0x0000000000004963      0xb9c fs/vfs.o
 .debug_loc     0x00000000000054ff      0xb4a fs/tfs.o
 .debug_loc     0x0000000000006049       0xa7 fs/filesystems.o
 .debug_loc     0x00000000000060f0      0x680 net/network.o
 .debug_loc     0x0000000000006770       0x7f net/protocols.o
 .debug_loc     0x00000000000067ef      0x188 net/socket.o
 .debug_loc     0x0000000000006977      0x596 net/pop.o

.debug_aranges  0x0000000000000000      0x498
 .debug_aranges
                0x0000000000000000       0x20 init/main.o
 .debug_aranges
                0x0000000000000020       0x20 kernel/panic.o
 .debug_aranges
                0x0000000000000040       0x20 kernel/kmalloc.o
 .debug_aranges
                0x0000000000000060       0x20 kernel/interrupt.o
 .debug_aranges
                0x0000000000000080       0x20 kernel/thread.o
 .debug_aranges
                0x00000000000000a0       0x20 kernel/scheduler.o
 .debug_aranges
                0x00000000000000c0       0x20 kernel/sleepq.o
 .debug_aranges
                0x00000000000000e0       0x20 kernel/semaphore.o
 .debug_aranges
                0x0000000000000100       0x20 kernel/exception.o
 .debug_aranges
                0x0000000000000120       0x20 kernel/halt.o
 .debug_aranges
                0x0000000000000140       0x20 lib/libc.o
 .debug_aranges
                0x0000000000000160       0x20 lib/xprintf.o
 .debug_aranges
                0x0000000000000180       0x20 lib/bitmap.o
 .debug_aranges
                0x00000000000001a0       0x20 lib/debug.o
 .debug_aranges
                0x00000000000001c0       0x20 drivers/polltty.o
 .debug_aranges
                0x00000000000001e0       0x20 drivers/timer.o
 .debug_aranges
                0x0000000000000200       0x20 drivers/bootargs.o
 .debug_aranges
                0x0000000000000220       0x20 drivers/device.o
 .debug_aranges
                0x0000000000000240       0x18 drivers/drivers.o
 .debug_aranges
                0x0000000000000258       0x20 drivers/tty.o
 .debug_aranges
                0x0000000000000278       0x20 drivers/disk.o
 .debug_aranges
                0x0000000000000298       0x20 drivers/disksched.o
 .debug_aranges
                0x00000000000002b8       0x20 drivers/metadev.o
 .debug_aranges
                0x00000000000002d8       0x20 proc/exception.o
 .debug_aranges
                0x00000000000002f8       0x20 proc/elf.o
 .debug_aranges
                0x0000000000000318       0x20 proc/process.o
 .debug_aranges
                0x0000000000000338       0x20 proc/syscall.o
 .debug_aranges
                0x0000000000000358       0x20 vm/vm.o
 .debug_aranges
                0x0000000000000378       0x20 vm/pagepool.o
 .debug_aranges
                0x0000000000000398       0x20 vm/tlb.o
 .debug_aranges
                0x00000000000003b8       0x20 fs/vfs.o
 .debug_aranges
                0x00000000000003d8       0x20 fs/tfs.o
 .debug_aranges
                0x00000000000003f8       0x20 fs/filesystems.o
 .debug_aranges
                0x0000000000000418       0x20 net/network.o
 .debug_aranges
                0x0000000000000438       0x20 net/protocols.o
 .debug_aranges
                0x0000000000000458       0x20 net/socket.o
 .debug_aranges
                0x0000000000000478       0x20 net/pop.o

.debug_ranges   0x0000000000000000      0x3b0
 .debug_ranges  0x0000000000000000       0x20 init/main.o
 .debug_ranges  0x0000000000000020       0x28 kernel/thread.o
 .debug_ranges  0x0000000000000048       0x20 kernel/scheduler.o
 .debug_ranges  0x0000000000000068      0x128 lib/xprintf.o
 .debug_ranges  0x0000000000000190       0x18 lib/bitmap.o
 .debug_ranges  0x00000000000001a8       0x20 drivers/device.o
 .debug_ranges  0x00000000000001c8       0x40 drivers/tty.o
 .debug_ranges  0x0000000000000208       0x20 drivers/disk.o
 .debug_ranges  0x0000000000000228       0x60 proc/process.o
 .debug_ranges  0x0000000000000288       0x20 proc/syscall.o
 .debug_ranges  0x00000000000002a8       0x40 fs/vfs.o
 .debug_ranges  0x00000000000002e8       0xb0 net/network.o
 .debug_ranges  0x0000000000000398       0x18 net/socket.o

.debug_line     0x0000000000000000     0x343e
 .debug_line    0x0000000000000000      0x1ff init/main.o
 .debug_line    0x00000000000001ff       0x90 kernel/panic.o
 .debug_line    0x000000000000028f       0xe5 kernel/kmalloc.o
 .debug_line    0x0000000000000374      0x1a7 kernel/interrupt.o
 .debug_line    0x000000000000051b      0x1cd kernel/thread.o
 .debug_line    0x00000000000006e8      0x177 kernel/scheduler.o
 .debug_line    0x000000000000085f      0x1ad kernel/sleepq.o
 .debug_line    0x0000000000000a0c      0x11e kernel/semaphore.o
 .debug_line    0x0000000000000b2a       0xd1 kernel/exception.o
 .debug_line    0x0000000000000bfb       0x84 kernel/halt.o
 .debug_line    0x0000000000000c7f      0x174 lib/libc.o
 .debug_line    0x0000000000000df3      0x2de lib/xprintf.o
 .debug_line    0x00000000000010d1      0x129 lib/bitmap.o
 .debug_line    0x00000000000011fa       0xa3 lib/debug.o
 .debug_line    0x000000000000129d       0x95 drivers/polltty.o
 .debug_line    0x0000000000001332       0x6e drivers/timer.o
 .debug_line    0x00000000000013a0       0xf6 drivers/bootargs.o
 .debug_line    0x0000000000001496       0xe5 drivers/device.o
 .debug_line    0x000000000000157b       0x70 drivers/drivers.o
 .debug_line    0x00000000000015eb      0x1f8 drivers/tty.o
 .debug_line    0x00000000000017e3      0x1ed drivers/disk.o
 .debug_line    0x00000000000019d0       0x9f drivers/disksched.o
 .debug_line    0x0000000000001a6f      0x185 drivers/metadev.o
 .debug_line    0x0000000000001bf4       0xf5 proc/exception.o
 .debug_line    0x0000000000001ce9       0xd4 proc/elf.o
 .debug_line    0x0000000000001dbd      0x2a1 proc/process.o
 .debug_line    0x000000000000205e      0x143 proc/syscall.o
 .debug_line    0x00000000000021a1      0x17b vm/vm.o
 .debug_line    0x000000000000231c      0x111 vm/pagepool.o
 .debug_line    0x000000000000242d       0x95 vm/tlb.o
 .debug_line    0x00000000000024c2      0x39a fs/vfs.o
 .debug_line    0x000000000000285c      0x3f9 fs/tfs.o
 .debug_line    0x0000000000002c55       0xea fs/filesystems.o
 .debug_line    0x0000000000002d3f      0x20c net/network.o
 .debug_line    0x0000000000002f4b       0x92 net/protocols.o
 .debug_line    0x0000000000002fdd      0x173 net/socket.o
 .debug_line    0x0000000000003150      0x2ee net/pop.o

.debug_str      0x0000000000000000     0x1be2
 .debug_str     0x0000000000000000      0x333 init/main.o
                                        0x39a (size before relaxing)
 .debug_str     0x0000000000000333       0x45 kernel/panic.o
                                        0x144 (size before relaxing)
 .debug_str     0x0000000000000378       0xb4 kernel/kmalloc.o
                                        0x1ea (size before relaxing)
 .debug_str     0x000000000000042c      0x230 kernel/interrupt.o
                                        0x404 (size before relaxing)
 .debug_str     0x000000000000065c      0x13a kernel/thread.o
                                        0x43a (size before relaxing)
 .debug_str     0x0000000000000796       0x72 kernel/scheduler.o
                                        0x3d3 (size before relaxing)
 .debug_str     0x0000000000000808       0x8e kernel/sleepq.o
                                        0x3b2 (size before relaxing)
 .debug_str     0x0000000000000896       0x8f kernel/semaphore.o
                                        0x24d (size before relaxing)
 .debug_str     0x0000000000000925       0xa3 kernel/exception.o
                                        0x1d7 (size before relaxing)
 .debug_str     0x00000000000009c8       0x19 kernel/halt.o
                                         0xfe (size before relaxing)
 .debug_str     0x00000000000009e1       0x74 lib/libc.o
                                        0x168 (size before relaxing)
 .debug_str     0x0000000000000a55       0x9d lib/xprintf.o
                                        0x21c (size before relaxing)
 .debug_str     0x0000000000000af2       0x6e lib/bitmap.o
                                        0x146 (size before relaxing)
 .debug_str     0x0000000000000b60       0x27 lib/debug.o
                                        0x122 (size before relaxing)
 .debug_str     0x0000000000000b87       0x3c drivers/polltty.o
                                        0x181 (size before relaxing)
 .debug_str     0x0000000000000bc3       0x21 drivers/timer.o
                                        0x146 (size before relaxing)
 .debug_str     0x0000000000000be4       0x5c drivers/bootargs.o
                                        0x159 (size before relaxing)
 .debug_str     0x0000000000000c40       0x74 drivers/device.o
                                        0x1e2 (size before relaxing)
 .debug_str     0x0000000000000cb4       0x12 drivers/drivers.o
                                        0x192 (size before relaxing)
 .debug_str     0x0000000000000cc6       0xa4 drivers/tty.o
                                        0x330 (size before relaxing)
 .debug_str     0x0000000000000d6a      0x195 drivers/disk.o
                                        0x458 (size before relaxing)
 .debug_str     0x0000000000000eff       0x14 drivers/disksched.o
                                        0x1b1 (size before relaxing)
 .debug_str     0x0000000000000f13      0x121 drivers/metadev.o
                                        0x380 (size before relaxing)
 .debug_str     0x0000000000001034       0x3f proc/exception.o
                                        0x308 (size before relaxing)
 .debug_str     0x0000000000001073      0x1a5 proc/elf.o
                                        0x27c (size before relaxing)
 .debug_str     0x0000000000001218      0x17e proc/process.o
                                        0x5a7 (size before relaxing)
 .debug_str     0x0000000000001396       0x5a proc/syscall.o
                                        0x26e (size before relaxing)
 .debug_str     0x00000000000013f0       0x40 vm/vm.o
                                        0x218 (size before relaxing)
 .debug_str     0x0000000000001430       0x70 vm/pagepool.o
                                        0x2a7 (size before relaxing)
 .debug_str     0x00000000000014a0       0x60 vm/tlb.o
                                        0x1c3 (size before relaxing)
 .debug_str     0x0000000000001500      0x1b0 fs/vfs.o
                                        0x501 (size before relaxing)
 .debug_str     0x00000000000016b0       0xd2 fs/tfs.o
                                        0x483 (size before relaxing)
 .debug_str     0x0000000000001782       0x34 fs/filesystems.o
                                        0x2ff (size before relaxing)
 .debug_str     0x00000000000017b6      0x222 net/network.o
                                        0x43f (size before relaxing)
 .debug_str     0x00000000000019d8       0x36 net/protocols.o
                                        0x16a (size before relaxing)
 .debug_str     0x0000000000001a0e       0xa1 net/socket.o
                                        0x229 (size before relaxing)
 .debug_str     0x0000000000001aaf      0x133 net/pop.o
                                        0x3bd (size before relaxing)

.debug_frame    0x0000000000000000     0x1a14
 .debug_frame   0x0000000000000000       0x88 init/main.o
 .debug_frame   0x0000000000000088       0x38 kernel/panic.o
 .debug_frame   0x00000000000000c0       0x9c kernel/kmalloc.o
 .debug_frame   0x000000000000015c       0x98 kernel/interrupt.o
 .debug_frame   0x00000000000001f4      0x120 kernel/thread.o
 .debug_frame   0x0000000000000314       0xa4 kernel/scheduler.o
 .debug_frame   0x00000000000003b8       0xc8 kernel/sleepq.o
 .debug_frame   0x0000000000000480       0xc8 kernel/semaphore.o
 .debug_frame   0x0000000000000548       0x50 kernel/exception.o
 .debug_frame   0x0000000000000598       0x2c kernel/halt.o
 .debug_frame   0x00000000000005c4       0xb8 lib/libc.o
 .debug_frame   0x000000000000067c      0x118 lib/xprintf.o
 .debug_frame   0x0000000000000794       0xe4 lib/bitmap.o
 .debug_frame   0x0000000000000878       0x30 lib/debug.o
 .debug_frame   0x00000000000008a8       0x40 drivers/polltty.o
 .debug_frame   0x00000000000008e8       0x30 drivers/timer.o
 .debug_frame   0x0000000000000918       0x4c drivers/bootargs.o
 .debug_frame   0x0000000000000964       0x54 drivers/device.o
 .debug_frame   0x00000000000009b8       0xd4 drivers/tty.o
 .debug_frame   0x0000000000000a8c      0x144 drivers/disk.o
 .debug_frame   0x0000000000000bd0       0x20 drivers/disksched.o
 .debug_frame   0x0000000000000bf0      0x17c drivers/metadev.o
 .debug_frame   0x0000000000000d6c       0x34 proc/exception.o
 .debug_frame   0x0000000000000da0       0x48 proc/elf.o
 .debug_frame   0x0000000000000de8      0x130 proc/process.o
 .debug_frame   0x0000000000000f18       0xd0 proc/syscall.o
 .debug_frame   0x0000000000000fe8       0xf0 vm/vm.o
 .debug_frame   0x00000000000010d8       0x8c vm/pagepool.o
 .debug_frame   0x0000000000001164       0x6c vm/tlb.o
 .debug_frame   0x00000000000011d0      0x344 fs/vfs.o
 .debug_frame   0x0000000000001514      0x1d0 fs/tfs.o
 .debug_frame   0x00000000000016e4       0x40 fs/filesystems.o
 .debug_frame   0x0000000000001724      0x110 net/network.o
 .debug_frame   0x0000000000001834       0x40 net/protocols.o
 .debug_frame   0x0000000000001874       0xa4 net/socket.o
 .debug_frame   0x0000000000001918       0xfc net/pop.o

Cross Reference Table

Symbol                                            File
DEBUG                                             lib/debug.o
                                                  init/main.o
KERNEL_ENDS_HERE                                  kernel/kmalloc.o
_cswitch_switch                                   kernel/cswitch.o
_cswitch_to_userland                              kernel/cswitch.o
                                                  kernel/thread.o
_cswitch_vector_code                              kernel/cswitch.o
                                                  kernel/interrupt.o
_get_rand                                         lib/rand.o
                                                  kernel/scheduler.o
_idle_thread_wait_loop                            kernel/idle.o
                                                  kernel/thread.o
                                                  init/_boot.o
_interrupt_clear_EXL                              kernel/_interrupt.o
                                                  proc/exception.o
                                                  kernel/exception.o
_interrupt_clear_bootstrap                        kernel/_interrupt.o
                                                  init/main.o
                                                  init/_boot.o
_interrupt_clear_sw                               kernel/_interrupt.o
_interrupt_clear_sw0                              kernel/_interrupt.o
                                                  kernel/interrupt.o
_interrupt_clear_sw1                              kernel/_interrupt.o
_interrupt_disable                                kernel/_interrupt.o
                                                  vm/pagepool.o
                                                  proc/process.o
                                                  proc/exception.o
                                                  drivers/metadev.o
                                                  drivers/disk.o
                                                  drivers/tty.o
                                                  drivers/timer.o
                                                  lib/xprintf.o
                                                  kernel/exception.o
                                                  kernel/semaphore.o
                                                  kernel/sleepq.o
                                                  kernel/scheduler.o
                                                  kernel/thread.o
                                                  kernel/panic.o
_interrupt_enable                                 kernel/_interrupt.o
                                                  proc/process.o
                                                  proc/exception.o
                                                  kernel/thread.o
                                                  init/main.o
                                                  init/_boot.o
_interrupt_generate_sw0                           kernel/_interrupt.o
                                                  kernel/thread.o
                                                  init/_boot.o
_interrupt_get_state                              kernel/_interrupt.o
                                                  kernel/sleepq.o
_interrupt_getcpu                                 kernel/_interrupt.o
                                                  drivers/metadev.o
                                                  kernel/scheduler.o
                                                  kernel/thread.o
                                                  kernel/interrupt.o
                                                  kernel/panic.o
_interrupt_set_EXL                                kernel/_interrupt.o
                                                  proc/exception.o
                                                  kernel/exception.o
_interrupt_set_state                              kernel/_interrupt.o
                                                  vm/pagepool.o
                                                  proc/process.o
                                                  drivers/metadev.o
                                                  drivers/disk.o
                                                  drivers/tty.o
                                                  drivers/timer.o
                                                  lib/xprintf.o
                                                  kernel/exception.o
                                                  kernel/semaphore.o
                                                  kernel/sleepq.o
                                                  kernel/scheduler.o
                                                  kernel/thread.o
_kernel_panic                                     kernel/panic.o
                                                  net/pop.o
                                                  net/socket.o
                                                  net/network.o
                                                  fs/vfs.o
                                                  vm/tlb.o
                                                  vm/pagepool.o
                                                  vm/vm.o
                                                  proc/syscall.o
                                                  proc/process.o
                                                  proc/exception.o
                                                  drivers/metadev.o
                                                  drivers/disk.o
                                                  drivers/tty.o
                                                  lib/bitmap.o
                                                  kernel/exception.o
                                                  kernel/semaphore.o
                                                  kernel/sleepq.o
                                                  kernel/scheduler.o
                                                  kernel/thread.o
                                                  kernel/interrupt.o
                                                  kernel/kmalloc.o
                                                  init/main.o
_set_rand_seed                                    lib/rand.o
                                                  init/main.o
_start                                            init/_boot.o
_timer_set_ticks                                  drivers/_timer.o
                                                  drivers/timer.o
_tlb_get_exception_state                          vm/_tlb.o
                                                  kernel/exception.o
_tlb_get_maxindex                                 vm/_tlb.o
                                                  vm/tlb.o
                                                  proc/process.o
_tlb_probe                                        vm/_tlb.o
_tlb_read                                         vm/_tlb.o
_tlb_set_asid                                     vm/_tlb.o
                                                  vm/tlb.o
_tlb_write                                        vm/_tlb.o
                                                  vm/tlb.o
_tlb_write_random                                 vm/_tlb.o
atoi                                              lib/libc.o
                                                  init/main.o
bitmap_findnset                                   lib/bitmap.o
                                                  fs/tfs.o
                                                  vm/pagepool.o
bitmap_get                                        lib/bitmap.o
                                                  fs/tfs.o
                                                  vm/pagepool.o
bitmap_init                                       lib/bitmap.o
                                                  vm/pagepool.o
bitmap_set                                        lib/bitmap.o
                                                  fs/tfs.o
                                                  vm/pagepool.o
bitmap_sizeof                                     lib/bitmap.o
                                                  vm/pagepool.o
bootargs_get                                      drivers/bootargs.o
                                                  lib/debug.o
                                                  init/main.o
bootargs_init                                     drivers/bootargs.o
                                                  init/main.o
cpustatus_count                                   drivers/metadev.o
                                                  init/main.o
cpustatus_generate_irq                            drivers/metadev.o
cpustatus_init                                    drivers/metadev.o
                                                  drivers/drivers.o
cpustatus_interrupt_handle                        drivers/metadev.o
device_get                                        drivers/device.o
                                                  net/network.o
                                                  fs/vfs.o
                                                  proc/syscall.o
                                                  init/main.o
device_init                                       drivers/device.o
                                                  init/main.o
disk_init                                         drivers/disk.o
                                                  drivers/drivers.o
disksched_schedule                                drivers/disksched.o
                                                  drivers/disk.o
drivers_available                                 drivers/drivers.o
                                                  drivers/device.o
elf_parse_header                                  proc/elf.o
                                                  proc/process.o
filesystems_try_all                               fs/filesystems.o
                                                  fs/vfs.o
findFreeBlock                                     proc/process.o
halt_kernel                                       kernel/halt.o
                                                  proc/syscall.o
                                                  init/main.o
init                                              init/main.o
                                                  init/_boot.o
init_startup_fallback                             init/main.o
init_startup_thread                               init/main.o
interrupt_handle                                  kernel/interrupt.o
                                                  kernel/cswitch.o
interrupt_init                                    kernel/interrupt.o
                                                  init/main.o
interrupt_register                                kernel/interrupt.o
                                                  drivers/metadev.o
                                                  drivers/disk.o
                                                  drivers/tty.o
interrupt_stacks                                  kernel/interrupt.o
                                                  kernel/cswitch.o
kernel_bootstrap_finished                         init/main.o
                                                  init/_boot.o
kernel_exception_handle                           kernel/exception.o
                                                  kernel/cswitch.o
kmalloc                                           kernel/kmalloc.o
                                                  vm/pagepool.o
                                                  drivers/metadev.o
                                                  drivers/disk.o
                                                  drivers/tty.o
                                                  drivers/bootargs.o
                                                  kernel/interrupt.o
kmalloc_disable                                   kernel/kmalloc.o
                                                  vm/vm.o
kmalloc_get_numpages                              kernel/kmalloc.o
                                                  vm/pagepool.o
kmalloc_get_reserved_pages                        kernel/kmalloc.o
                                                  vm/pagepool.o
kmalloc_init                                      kernel/kmalloc.o
                                                  init/main.o
kprintf                                           lib/xprintf.o
                                                  net/network.o
                                                  fs/filesystems.o
                                                  fs/tfs.o
                                                  fs/vfs.o
                                                  vm/pagepool.o
                                                  vm/vm.o
                                                  proc/syscall.o
                                                  drivers/metadev.o
                                                  drivers/disk.o
                                                  drivers/device.o
                                                  kernel/halt.o
                                                  kernel/exception.o
                                                  kernel/interrupt.o
                                                  kernel/kmalloc.o
                                                  kernel/panic.o
                                                  init/main.o
kprintf_slock                                     lib/xprintf.o
                                                  drivers/tty.o
kread                                             lib/libc.o
kvprintf                                          lib/xprintf.o
                                                  lib/debug.o
kwrite                                            lib/libc.o
                                                  init/main.o
memcopy                                           lib/libc.o
                                                  net/pop.o
                                                  net/network.o
                                                  fs/tfs.o
meminfo_get_pages                                 drivers/metadev.o
meminfo_init                                      drivers/metadev.o
                                                  drivers/drivers.o
memoryset                                         lib/libc.o
                                                  fs/tfs.o
                                                  proc/process.o
                                                  proc/elf.o
network_free_frame                                net/network.o
                                                  net/pop.o
network_get_broadcast_address                     net/network.o
network_get_loopback_address                      net/network.o
network_get_mtu                                   net/network.o
                                                  net/pop.o
network_get_source_address                        net/network.o
network_init                                      net/network.o
                                                  init/main.o
network_interfaces                                net/network.o
network_protocols                                 net/protocols.o
network_send                                      net/network.o
                                                  net/pop.o
open_sockets                                      net/pop.o
                                                  net/socket.o
open_sockets_sem                                  net/pop.o
                                                  net/socket.o
pagepool_free_phys_page                           vm/pagepool.o
                                                  net/network.o
                                                  fs/tfs.o
                                                  vm/vm.o
pagepool_get_phys_page                            vm/pagepool.o
                                                  net/pop.o
                                                  net/network.o
                                                  fs/tfs.o
                                                  vm/vm.o
                                                  proc/process.o
pagepool_init                                     vm/pagepool.o
                                                  vm/vm.o
polltty_getchar                                   drivers/polltty.o
                                                  lib/libc.o
polltty_init                                      drivers/polltty.o
                                                  init/main.o
polltty_putchar                                   drivers/polltty.o
                                                  lib/xprintf.o
                                                  lib/libc.o
pop_init                                          net/pop.o
                                                  net/protocols.o
pop_push_frame                                    net/pop.o
                                                  net/protocols.o
process_finish                                    proc/process.o
                                                  proc/syscall.o
process_get_current_process                       proc/process.o
process_get_current_process_entry                 proc/process.o
process_get_process_entry                         proc/process.o
process_init                                      proc/process.o
                                                  init/main.o
process_join                                      proc/process.o
                                                  proc/syscall.o
process_spawn                                     proc/process.o
                                                  proc/syscall.o
                                                  init/main.o
process_start                                     proc/process.o
process_table                                     proc/process.o
protocols_get_frame_handler                       net/protocols.o
                                                  net/network.o
protocols_init                                    net/protocols.o
                                                  net/network.o
rtc_get_clockspeed                                drivers/metadev.o
rtc_get_msec                                      drivers/metadev.o
                                                  net/pop.o
rtc_init                                          drivers/metadev.o
                                                  drivers/drivers.o
scheduler_add_ready                               kernel/scheduler.o
                                                  kernel/thread.o
scheduler_add_to_ready_list                       kernel/scheduler.o
                                                  kernel/sleepq.o
scheduler_current_thread                          kernel/scheduler.o
                                                  kernel/thread.o
                                                  kernel/interrupt.o
                                                  kernel/cswitch.o
scheduler_init                                    kernel/scheduler.o
                                                  init/main.o
scheduler_schedule                                kernel/scheduler.o
                                                  kernel/interrupt.o
semaphore_P                                       kernel/semaphore.o
                                                  net/pop.o
                                                  net/socket.o
                                                  fs/tfs.o
                                                  fs/vfs.o
                                                  drivers/disk.o
semaphore_V                                       kernel/semaphore.o
                                                  net/pop.o
                                                  net/socket.o
                                                  fs/tfs.o
                                                  fs/vfs.o
                                                  drivers/disk.o
semaphore_create                                  kernel/semaphore.o
                                                  net/pop.o
                                                  net/socket.o
                                                  fs/tfs.o
                                                  fs/vfs.o
                                                  drivers/disk.o
semaphore_destroy                                 kernel/semaphore.o
                                                  net/socket.o
                                                  fs/tfs.o
                                                  drivers/disk.o
semaphore_init                                    kernel/semaphore.o
                                                  init/main.o
shutdown                                          drivers/metadev.o
                                                  kernel/halt.o
                                                  kernel/panic.o
shutdown_init                                     drivers/metadev.o
                                                  drivers/drivers.o
sleepq_add                                        kernel/sleepq.o
                                                  proc/process.o
                                                  drivers/tty.o
                                                  kernel/semaphore.o
sleepq_init                                       kernel/sleepq.o
                                                  init/main.o
sleepq_wake                                       kernel/sleepq.o
                                                  kernel/semaphore.o
sleepq_wake_all                                   kernel/sleepq.o
                                                  drivers/tty.o
snprintf                                          lib/xprintf.o
                                                  init/main.o
socket_close                                      net/socket.o
socket_init                                       net/socket.o
                                                  net/network.o
socket_open                                       net/socket.o
socket_recvfrom                                   net/pop.o
socket_sendto                                     net/pop.o
spinlock_acquire                                  kernel/_spinlock.o
                                                  vm/pagepool.o
                                                  proc/process.o
                                                  drivers/metadev.o
                                                  drivers/disk.o
                                                  drivers/tty.o
                                                  lib/xprintf.o
                                                  kernel/semaphore.o
                                                  kernel/sleepq.o
                                                  kernel/scheduler.o
                                                  kernel/thread.o
spinlock_release                                  kernel/_spinlock.o
                                                  vm/pagepool.o
                                                  proc/process.o
                                                  drivers/metadev.o
                                                  drivers/disk.o
                                                  drivers/tty.o
                                                  lib/xprintf.o
                                                  kernel/semaphore.o
                                                  kernel/sleepq.o
                                                  kernel/scheduler.o
                                                  kernel/thread.o
spinlock_reset                                    kernel/_spinlock.o
                                                  vm/pagepool.o
                                                  drivers/metadev.o
                                                  drivers/disk.o
                                                  drivers/tty.o
                                                  kernel/semaphore.o
                                                  kernel/sleepq.o
                                                  kernel/thread.o
stringcmp                                         lib/libc.o
                                                  fs/tfs.o
                                                  fs/vfs.o
stringcopy                                        lib/libc.o
                                                  fs/tfs.o
                                                  fs/vfs.o
strlen                                            lib/libc.o
                                                  drivers/bootargs.o
syscall_exec                                      proc/syscall.o
syscall_exit                                      proc/syscall.o
syscall_handle                                    proc/syscall.o
                                                  proc/exception.o
syscall_join                                      proc/syscall.o
syscall_read                                      proc/syscall.o
syscall_write                                     proc/syscall.o
tfs_close                                         fs/tfs.o
tfs_create                                        fs/tfs.o
tfs_getfree                                       fs/tfs.o
tfs_init                                          fs/tfs.o
                                                  fs/filesystems.o
tfs_open                                          fs/tfs.o
tfs_read                                          fs/tfs.o
tfs_remove                                        fs/tfs.o
tfs_unmount                                       fs/tfs.o
tfs_write                                         fs/tfs.o
thread_create                                     kernel/thread.o
                                                  net/pop.o
                                                  net/network.o
                                                  init/main.o
thread_finish                                     kernel/thread.o
                                                  proc/process.o
thread_get_current_thread                         kernel/thread.o
                                                  proc/process.o
                                                  kernel/semaphore.o
                                                  kernel/sleepq.o
thread_get_current_thread_entry                   kernel/thread.o
                                                  proc/process.o
                                                  proc/exception.o
                                                  kernel/interrupt.o
thread_goto_userland                              kernel/thread.o
                                                  proc/process.o
thread_run                                        kernel/thread.o
                                                  net/pop.o
                                                  net/network.o
                                                  init/main.o
thread_stack_areas                                kernel/thread.o
thread_switch                                     kernel/thread.o
                                                  proc/process.o
                                                  drivers/tty.o
                                                  kernel/semaphore.o
                                                  init/main.o
thread_table                                      kernel/sleepq.o
                                                  kernel/scheduler.o
                                                  kernel/thread.o
                                                  kernel/cswitch.o
thread_table_init                                 kernel/thread.o
                                                  init/main.o
thread_table_slock                                kernel/sleepq.o
                                                  kernel/scheduler.o
                                                  kernel/thread.o
timer_set_ticks                                   drivers/timer.o
                                                  kernel/scheduler.o
tlb_fill                                          vm/tlb.o
                                                  proc/process.o
                                                  kernel/interrupt.o
tlb_load_exception                                vm/tlb.o
tlb_modified_exception                            vm/tlb.o
tlb_store_exception                               vm/tlb.o
tty_init                                          drivers/tty.o
                                                  drivers/drivers.o
tty_interrupt_handle                              drivers/tty.o
user_exception_handle                             proc/exception.o
                                                  kernel/cswitch.o
vfs_close                                         fs/vfs.o
vfs_create                                        fs/vfs.o
vfs_deinit                                        fs/vfs.o
                                                  kernel/halt.o
vfs_getfree                                       fs/vfs.o
vfs_init                                          fs/vfs.o
                                                  init/main.o
vfs_mount                                         fs/vfs.o
vfs_mount_all                                     fs/vfs.o
                                                  init/main.o
vfs_mount_fs                                      fs/vfs.o
vfs_open                                          fs/vfs.o
                                                  proc/process.o
vfs_read                                          fs/vfs.o
                                                  proc/process.o
                                                  proc/elf.o
vfs_remove                                        fs/vfs.o
vfs_seek                                          fs/vfs.o
                                                  proc/process.o
                                                  proc/elf.o
vfs_unmount                                       fs/vfs.o
vfs_write                                         fs/vfs.o
vm_create_pagetable                               vm/vm.o
                                                  proc/process.o
vm_destroy_pagetable                              vm/vm.o
                                                  proc/process.o
vm_init                                           vm/vm.o
                                                  init/main.o
vm_map                                            vm/vm.o
                                                  proc/process.o
vm_set_dirty                                      vm/vm.o
                                                  proc/process.o
vm_unmap                                          vm/vm.o
vsnprintf                                         lib/xprintf.o
