
Allocating common symbols
Common symbol       size              file

heap                0x100             lib.o
free_list           0x4               lib.o

Discarded input sections

 .reginfo       0x0000000000000000       0x18 _syscall.o
 .reginfo       0x0000000000000000       0x18 lib.o
 .reginfo       0x0000000000000000       0x18 calc.o

Memory Configuration

Name             Origin             Length             Attributes
*default*        0x0000000000000000 0xffffffffffffffff

Linker script and memory map

                0x0000000000001000                . = 0x1000

ro_segment      0x0000000000001000     0x2e7c
 *(.text .rodata .rodata.*)
 .text          0x0000000000001000       0x24 crt.o
                0x0000000000001000                _start
                0x0000000000001018                __main
 .text          0x0000000000001024        0xc _syscall.o
                0x0000000000001024                _syscall
 .text          0x0000000000001030     0x246c lib.o
                0x0000000000001030                syscall_halt
                0x0000000000001070                syscall_exec
                0x00000000000010b8                syscall_execp
                0x000000000000110c                syscall_exit
                0x0000000000001154                syscall_join
                0x000000000000119c                syscall_fork
                0x00000000000011ec                syscall_memlimit
                0x0000000000001234                syscall_open
                0x000000000000127c                syscall_close
                0x00000000000012c4                syscall_read
                0x0000000000001318                syscall_seek
                0x0000000000001368                syscall_write
                0x00000000000013bc                syscall_create
                0x000000000000140c                syscall_delete
                0x0000000000001454                strlen
                0x00000000000014b8                strcpy
                0x0000000000001560                strncpy
                0x000000000000163c                strcat
                0x0000000000001694                strncat
                0x0000000000001788                strcmp
                0x00000000000017d0                strncmp
                0x0000000000001904                memcmp
                0x00000000000019e0                strstr
                0x0000000000001a84                memset
                0x0000000000001b00                memcpy
                0x0000000000001b94                putc
                0x0000000000001bd8                puts
                0x0000000000001c84                getc_raw
                0x0000000000001cc8                getc
                0x0000000000001d20                gets
                0x0000000000001dd4                readline
                0x0000000000002cb8                printf
                0x0000000000002d28                snprintf
                0x0000000000002d90                heap_init
                0x0000000000002de0                malloc
                0x0000000000002fc4                free
                0x00000000000031c8                calloc
                0x0000000000003288                realloc
                0x00000000000033a4                atoi
 .rodata        0x000000000000349c      0x110 lib.o
 .text          0x00000000000035ac      0x864 calc.o
                0x00000000000035ac                stack_init
                0x00000000000035dc                stack_empty
                0x0000000000003618                stack_top
                0x0000000000003650                stack_pop
                0x00000000000036e4                stack_push
                0x0000000000003a20                numeric
                0x0000000000003ad8                main
 .rodata        0x0000000000003e10       0x6c calc.o

rw_segment      0x0000000000004000      0x104
 *(.data .bss COMMON)
 .data          0x0000000000004000        0x0 crt.o
 .bss           0x0000000000004000        0x0 crt.o
 .data          0x0000000000004000        0x0 _syscall.o
 .bss           0x0000000000004000        0x0 _syscall.o
 .data          0x0000000000004000        0x0 lib.o
 .bss           0x0000000000004000        0x0 lib.o
 COMMON         0x0000000000004000      0x104 lib.o
                0x0000000000004000                heap
                0x0000000000004100                free_list
 .data          0x0000000000004104        0x0 calc.o
 .bss           0x0000000000004104        0x0 calc.o
                0x0000000000004104                BINARY_ENDS_HERE = .
LOAD crt.o
LOAD _syscall.o
LOAD lib.o
LOAD calc.o
OUTPUT(calc elf32-bigmips)

.reginfo        0x0000000000000000       0x18
 .reginfo       0x0000000000000000       0x18 crt.o

.pdr            0x0000000000000000      0x760
 .pdr           0x0000000000000000       0x40 crt.o
 .pdr           0x0000000000000040       0x20 _syscall.o
 .pdr           0x0000000000000060      0x560 lib.o
 .pdr           0x00000000000005c0      0x1a0 calc.o

.mdebug.abi32   0x0000000000000000        0x0
 .mdebug.abi32  0x0000000000000000        0x0 lib.o
 .mdebug.abi32  0x0000000000000000        0x0 calc.o

.comment        0x0000000000000000       0x11
 .comment       0x0000000000000000       0x11 lib.o
                                         0x12 (size before relaxing)
 .comment       0x0000000000000000       0x12 calc.o

.gnu.attributes
                0x0000000000000000       0x10
 .gnu.attributes
                0x0000000000000000       0x10 lib.o
 .gnu.attributes
                0x0000000000000010       0x10 calc.o

Cross Reference Table

Symbol                                            File
__main                                            crt.o
_start                                            crt.o
_syscall                                          _syscall.o
                                                  lib.o
atoi                                              lib.o
                                                  calc.o
calloc                                            lib.o
free                                              lib.o
                                                  calc.o
free_list                                         lib.o
getc                                              lib.o
getc_raw                                          lib.o
gets                                              lib.o
heap                                              lib.o
heap_init                                         lib.o
                                                  calc.o
main                                              calc.o
                                                  crt.o
malloc                                            lib.o
                                                  calc.o
memcmp                                            lib.o
memcpy                                            lib.o
memset                                            lib.o
numeric                                           calc.o
printf                                            lib.o
                                                  calc.o
putc                                              lib.o
puts                                              lib.o
readline                                          lib.o
                                                  calc.o
realloc                                           lib.o
snprintf                                          lib.o
stack_empty                                       calc.o
stack_init                                        calc.o
stack_pop                                         calc.o
stack_push                                        calc.o
stack_top                                         calc.o
strcat                                            lib.o
strcmp                                            lib.o
                                                  calc.o
strcpy                                            lib.o
strlen                                            lib.o
strncat                                           lib.o
strncmp                                           lib.o
strncpy                                           lib.o
strstr                                            lib.o
syscall_close                                     lib.o
syscall_create                                    lib.o
syscall_delete                                    lib.o
syscall_exec                                      lib.o
syscall_execp                                     lib.o
syscall_exit                                      lib.o
                                                  calc.o
syscall_fork                                      lib.o
syscall_halt                                      lib.o
syscall_join                                      lib.o
syscall_memlimit                                  lib.o
syscall_open                                      lib.o
syscall_read                                      lib.o
syscall_seek                                      lib.o
syscall_write                                     lib.o
